<html>
<body>
<pre>
<h1>µVision Build Log</h1>
<h2>Tool Versions:</h2>
IDE-Version: µVision V5.17.0.0
Copyright (C) 2015 ARM Ltd and ARM Germany GmbH. All rights reserved.
License Information: mmm nnn, bbb, LIC=32B45-GY7R6-KPBZY-IFTRT-2CWLH-EAJ81
 
Tool Versions:
Toolchain:       MDK-ARM Standard  Version: 5.17
Toolchain Path:  C:\Keil_v5\ARM\ARMCC\Bin
C Compiler:      Armcc.exe V5.06 update 1 (build 61)
Assembler:       Armasm.exe V5.06 update 1 (build 61)
Linker/Locator:  ArmLink.exe V5.06 update 1 (build 61)
Library Manager: ArmAr.exe V5.06 update 1 (build 61)
Hex Converter:   FromElf.exe V5.06 update 1 (build 61)
CPU DLL:         SARMCM3.DLL V5.17
Dialog DLL:      DARMCM1.DLL V1.12.0.0
Target DLL:      STLink\ST-LINKIII-KEIL_SWO.dll V2.0.18.0
Dialog DLL:      TARMCM1.DLL V1.9.0.0
 
<h2>Project:</h2>
Q:\STM pro\Keil\Øóíò\Termo_1306.uvprojx
Project File Date:  10/16/2017

<h2>Output:</h2>
*** Using Compiler 'V5.06 update 1 (build 61)', folder: 'C:\Keil_v5\ARM\ARMCC\Bin'
Rebuild target 'Project'
assembling startup_stm32f030.s...
compiling system_stm32f0xx.c...
compiling stm32f0xx_adc.c...
compiling stm32f0xx_can.c...
compiling stm32f0xx_cec.c...
compiling stm32f0xx_comp.c...
compiling stm32f0xx_crc.c...
compiling stm32f0xx_dac.c...
compiling stm32f0xx_crs.c...
compiling stm32f0xx_dbgmcu.c...
compiling stm32f0xx_exti.c...
compiling stm32f0xx_dma.c...
compiling stm32f0xx_flash.c...
compiling stm32f0xx_gpio.c...
compiling stm32f0xx_i2c.c...
compiling stm32f0xx_iwdg.c...
compiling stm32f0xx_misc.c...
compiling stm32f0xx_pwr.c...
compiling stm32f0xx_rcc.c...
compiling stm32f0xx_spi.c...
compiling stm32f0xx_rtc.c...
compiling stm32f0xx_syscfg.c...
compiling stm32f0xx_usart.c...
compiling stm32f0xx_wwdg.c...
compiling stm32f0xx_tim.c...
compiling fonts.c...
compiling Init_I2C.c...
compiling main.c...
UserSource\main.c(405): warning:  #223-D: function "sprintf" declared implicitly
        sprintf(str, "V1 = %2.2f ",Temp1);
UserSource\main.c: 1 warning, 0 errors
compiling SSD1306_I2C.c...
linking...
Program Size: Code=10020 RO-data=5900 RW-data=64 ZI-data=2960  
".\Objects\Termo_1306.axf" - 0 Error(s), 1 Warning(s).

<h2>Collection of Component include folders:</h2>
  Q:\STM pro\Keil\Øóíò\RTE
  C:\Keil_v5\ARM\PACK\Keil\STM32F0xx_DFP\1.5.0\Device\Include

<h2>Collection of Component Files used:</h2>
Build Time Elapsed:  00:00:05
</pre>
</body>
</html>
