Component: ARM Compiler 5.06 update 1 (build 61) Tool: armlink [4d35a8]

==============================================================================

Section Cross References

    startup_stm32f030.o(STACK) refers (Special) to heapauxi.o(.text) for __use_two_region_memory
    startup_stm32f030.o(HEAP) refers (Special) to heapauxi.o(.text) for __use_two_region_memory
    startup_stm32f030.o(RESET) refers (Special) to heapauxi.o(.text) for __use_two_region_memory
    startup_stm32f030.o(RESET) refers to startup_stm32f030.o(STACK) for __initial_sp
    startup_stm32f030.o(RESET) refers to startup_stm32f030.o(.text) for Reset_Handler
    startup_stm32f030.o(RESET) refers to main.o(i.DMA1_Channel1_IRQHandler) for DMA1_Channel1_IRQHandler
    startup_stm32f030.o(.text) refers (Special) to heapauxi.o(.text) for __use_two_region_memory
    startup_stm32f030.o(.text) refers to startup_stm32f030.o(STACK) for __initial_sp
    startup_stm32f030.o(.text) refers to system_stm32f0xx.o(i.SystemInit) for SystemInit
    startup_stm32f030.o(.text) refers to __main.o(!!!main) for __main
    startup_stm32f030.o(.text) refers to startup_stm32f030.o(HEAP) for Heap_Mem
    system_stm32f0xx.o(i.SystemCoreClockUpdate) refers to aeabi_sdiv.o(.text) for __aeabi_uidivmod
    system_stm32f0xx.o(i.SystemCoreClockUpdate) refers to system_stm32f0xx.o(.data) for .data
    system_stm32f0xx.o(i.SystemInit) refers to system_stm32f0xx.o(i.SetSysClock) for SetSysClock
    stm32f0xx_adc.o(i.ADC_DeInit) refers to stm32f0xx_rcc.o(i.RCC_APB2PeriphResetCmd) for RCC_APB2PeriphResetCmd
    stm32f0xx_can.o(i.CAN_DeInit) refers to stm32f0xx_rcc.o(i.RCC_APB1PeriphResetCmd) for RCC_APB1PeriphResetCmd
    stm32f0xx_can.o(i.CAN_FilterInit) refers to uread4.o(.text) for __aeabi_uread4
    stm32f0xx_can.o(i.CAN_GetITStatus) refers to stm32f0xx_can.o(i.CheckITStatus) for CheckITStatus
    stm32f0xx_cec.o(i.CEC_DeInit) refers to stm32f0xx_rcc.o(i.RCC_APB1PeriphResetCmd) for RCC_APB1PeriphResetCmd
    stm32f0xx_crs.o(i.CRS_DeInit) refers to stm32f0xx_rcc.o(i.RCC_APB1PeriphResetCmd) for RCC_APB1PeriphResetCmd
    stm32f0xx_dac.o(i.DAC_DeInit) refers to stm32f0xx_rcc.o(i.RCC_APB1PeriphResetCmd) for RCC_APB1PeriphResetCmd
    stm32f0xx_flash.o(i.FLASH_EraseAllPages) refers to stm32f0xx_flash.o(i.FLASH_WaitForLastOperation) for FLASH_WaitForLastOperation
    stm32f0xx_flash.o(i.FLASH_ErasePage) refers to stm32f0xx_flash.o(i.FLASH_WaitForLastOperation) for FLASH_WaitForLastOperation
    stm32f0xx_flash.o(i.FLASH_OB_BOOT0Config) refers to stm32f0xx_flash.o(i.FLASH_WaitForLastOperation) for FLASH_WaitForLastOperation
    stm32f0xx_flash.o(i.FLASH_OB_BOOT0SWConfig) refers to stm32f0xx_flash.o(i.FLASH_WaitForLastOperation) for FLASH_WaitForLastOperation
    stm32f0xx_flash.o(i.FLASH_OB_BOOTConfig) refers to stm32f0xx_flash.o(i.FLASH_WaitForLastOperation) for FLASH_WaitForLastOperation
    stm32f0xx_flash.o(i.FLASH_OB_EnableWRP) refers to stm32f0xx_flash.o(i.FLASH_WaitForLastOperation) for FLASH_WaitForLastOperation
    stm32f0xx_flash.o(i.FLASH_OB_Erase) refers to stm32f0xx_flash.o(i.FLASH_OB_GetRDP) for FLASH_OB_GetRDP
    stm32f0xx_flash.o(i.FLASH_OB_Erase) refers to stm32f0xx_flash.o(i.FLASH_WaitForLastOperation) for FLASH_WaitForLastOperation
    stm32f0xx_flash.o(i.FLASH_OB_ProgramData) refers to stm32f0xx_flash.o(i.FLASH_WaitForLastOperation) for FLASH_WaitForLastOperation
    stm32f0xx_flash.o(i.FLASH_OB_RDPConfig) refers to stm32f0xx_flash.o(i.FLASH_WaitForLastOperation) for FLASH_WaitForLastOperation
    stm32f0xx_flash.o(i.FLASH_OB_SRAMParityConfig) refers to stm32f0xx_flash.o(i.FLASH_WaitForLastOperation) for FLASH_WaitForLastOperation
    stm32f0xx_flash.o(i.FLASH_OB_UserConfig) refers to stm32f0xx_flash.o(i.FLASH_WaitForLastOperation) for FLASH_WaitForLastOperation
    stm32f0xx_flash.o(i.FLASH_OB_VDDAConfig) refers to stm32f0xx_flash.o(i.FLASH_WaitForLastOperation) for FLASH_WaitForLastOperation
    stm32f0xx_flash.o(i.FLASH_OB_WriteUser) refers to stm32f0xx_flash.o(i.FLASH_WaitForLastOperation) for FLASH_WaitForLastOperation
    stm32f0xx_flash.o(i.FLASH_ProgramHalfWord) refers to stm32f0xx_flash.o(i.FLASH_WaitForLastOperation) for FLASH_WaitForLastOperation
    stm32f0xx_flash.o(i.FLASH_ProgramWord) refers to stm32f0xx_flash.o(i.FLASH_WaitForLastOperation) for FLASH_WaitForLastOperation
    stm32f0xx_flash.o(i.FLASH_WaitForLastOperation) refers to stm32f0xx_flash.o(i.FLASH_GetStatus) for FLASH_GetStatus
    stm32f0xx_gpio.o(i.GPIO_DeInit) refers to stm32f0xx_rcc.o(i.RCC_AHBPeriphResetCmd) for RCC_AHBPeriphResetCmd
    stm32f0xx_i2c.o(i.I2C_DeInit) refers to stm32f0xx_rcc.o(i.RCC_APB1PeriphResetCmd) for RCC_APB1PeriphResetCmd
    stm32f0xx_pwr.o(i.PWR_DeInit) refers to stm32f0xx_rcc.o(i.RCC_APB1PeriphResetCmd) for RCC_APB1PeriphResetCmd
    stm32f0xx_rcc.o(i.RCC_GetClocksFreq) refers to aeabi_sdiv.o(.text) for __aeabi_uidivmod
[...]
    Removing stm32f0xx_rtc.o(i.RTC_WakeUpCmd), (80 bytes).
    Removing stm32f0xx_rtc.o(i.RTC_WriteBackupRegister), (20 bytes).
    Removing stm32f0xx_rtc.o(i.RTC_WriteProtectionCmd), (24 bytes).
    Removing stm32f0xx_spi.o(.rev16_text), (4 bytes).
    Removing stm32f0xx_spi.o(.revsh_text), (4 bytes).
    Removing stm32f0xx_spi.o(i.I2S_Cmd), (28 bytes).
    Removing stm32f0xx_spi.o(i.I2S_Init), (156 bytes).
    Removing stm32f0xx_spi.o(i.I2S_StructInit), (18 bytes).
    Removing stm32f0xx_spi.o(i.SPI_BiDirectionalLineConfig), (28 bytes).
    Removing stm32f0xx_spi.o(i.SPI_CRCLengthConfig), (20 bytes).
    Removing stm32f0xx_spi.o(i.SPI_CalculateCRC), (28 bytes).
    Removing stm32f0xx_spi.o(i.SPI_Cmd), (18 bytes).
    Removing stm32f0xx_spi.o(i.SPI_DataSizeConfig), (16 bytes).
    Removing stm32f0xx_spi.o(i.SPI_GetCRC), (12 bytes).
    Removing stm32f0xx_spi.o(i.SPI_GetCRCPolynomial), (4 bytes).
    Removing stm32f0xx_spi.o(i.SPI_GetReceptionFIFOStatus), (10 bytes).
    Removing stm32f0xx_spi.o(i.SPI_GetTransmissionFIFOStatus), (10 bytes).
    Removing stm32f0xx_spi.o(i.SPI_I2S_ClearFlag), (6 bytes).
    Removing stm32f0xx_spi.o(i.SPI_I2S_DMACmd), (16 bytes).
    Removing stm32f0xx_spi.o(i.SPI_I2S_DeInit), (64 bytes).
    Removing stm32f0xx_spi.o(i.SPI_I2S_GetFlagStatus), (14 bytes).
    Removing stm32f0xx_spi.o(i.SPI_I2S_GetITStatus), (42 bytes).
    Removing stm32f0xx_spi.o(i.SPI_I2S_ITConfig), (24 bytes).
    Removing stm32f0xx_spi.o(i.SPI_I2S_ReceiveData16), (4 bytes).
    Removing stm32f0xx_spi.o(i.SPI_I2S_SendData16), (4 bytes).
    Removing stm32f0xx_spi.o(i.SPI_Init), (84 bytes).
    Removing stm32f0xx_spi.o(i.SPI_LastDMATransferCmd), (20 bytes).
    Removing stm32f0xx_spi.o(i.SPI_NSSInternalSoftwareConfig), (28 bytes).
    Removing stm32f0xx_spi.o(i.SPI_NSSPulseModeCmd), (18 bytes).
    Removing stm32f0xx_spi.o(i.SPI_ReceiveData8), (4 bytes).
    Removing stm32f0xx_spi.o(i.SPI_RxFIFOThresholdConfig), (20 bytes).
    Removing stm32f0xx_spi.o(i.SPI_SSOutputCmd), (18 bytes).
    Removing stm32f0xx_spi.o(i.SPI_SendData8), (4 bytes).
    Removing stm32f0xx_spi.o(i.SPI_StructInit), (28 bytes).
    Removing stm32f0xx_spi.o(i.SPI_TIModeCmd), (18 bytes).
    Removing stm32f0xx_spi.o(i.SPI_TransmitCRC), (12 bytes).
    Removing stm32f0xx_syscfg.o(.rev16_text), (4 bytes).
    Removing stm32f0xx_syscfg.o(.revsh_text), (4 bytes).
    Removing stm32f0xx_syscfg.o(i.SYSCFG_BreakConfig), (16 bytes).
    Removing stm32f0xx_syscfg.o(i.SYSCFG_ClearFlag), (16 bytes).
    Removing stm32f0xx_syscfg.o(i.SYSCFG_DMAChannelRemapConfig), (24 bytes).
    Removing stm32f0xx_syscfg.o(i.SYSCFG_DeInit), (36 bytes).
    Removing stm32f0xx_syscfg.o(i.SYSCFG_EXTILineConfig), (40 bytes).
    Removing stm32f0xx_syscfg.o(i.SYSCFG_GetFlagStatus), (20 bytes).
    Removing stm32f0xx_syscfg.o(i.SYSCFG_GetPendingIT), (24 bytes).
    Removing stm32f0xx_syscfg.o(i.SYSCFG_I2CFastModePlusConfig), (24 bytes).
    Removing stm32f0xx_syscfg.o(i.SYSCFG_IRDAEnvSelection), (24 bytes).
    Removing stm32f0xx_syscfg.o(i.SYSCFG_MemoryRemapConfig), (20 bytes).
    Removing stm32f0xx_tim.o(.rev16_text), (4 bytes).
    Removing stm32f0xx_tim.o(.revsh_text), (4 bytes).
    Removing stm32f0xx_tim.o(i.TI1_Config), (40 bytes).
    Removing stm32f0xx_tim.o(i.TI2_Config), (48 bytes).
    Removing stm32f0xx_tim.o(i.TIM_ARRPreloadConfig), (18 bytes).
    Removing stm32f0xx_tim.o(i.TIM_BDTRConfig), (34 bytes).
    Removing stm32f0xx_tim.o(i.TIM_BDTRStructInit), (18 bytes).
    Removing stm32f0xx_tim.o(i.TIM_CCPreloadControl), (20 bytes).
    Removing stm32f0xx_tim.o(i.TIM_CCxCmd), (22 bytes).
    Removing stm32f0xx_tim.o(i.TIM_CCxNCmd), (22 bytes).
    Removing stm32f0xx_tim.o(i.TIM_ClearFlag), (6 bytes).
    Removing stm32f0xx_tim.o(i.TIM_ClearITPendingBit), (6 bytes).
    Removing stm32f0xx_tim.o(i.TIM_ClearOC1Ref), (12 bytes).
    Removing stm32f0xx_tim.o(i.TIM_ClearOC2Ref), (14 bytes).
    Removing stm32f0xx_tim.o(i.TIM_ClearOC3Ref), (12 bytes).
    Removing stm32f0xx_tim.o(i.TIM_ClearOC4Ref), (14 bytes).
    Removing stm32f0xx_tim.o(i.TIM_Cmd), (20 bytes).
    Removing stm32f0xx_tim.o(i.TIM_CounterModeConfig), (12 bytes).
    Removing stm32f0xx_tim.o(i.TIM_CtrlPWMOutputs), (24 bytes).
    Removing stm32f0xx_tim.o(i.TIM_DMACmd), (16 bytes).
    Removing stm32f0xx_tim.o(i.TIM_DMAConfig), (8 bytes).
    Removing stm32f0xx_tim.o(i.TIM_DeInit), (204 bytes).
    Removing stm32f0xx_tim.o(i.TIM_ETRClockMode1Config), (28 bytes).
    Removing stm32f0xx_tim.o(i.TIM_ETRClockMode2Config), (20 bytes).
    Removing stm32f0xx_tim.o(i.TIM_ETRConfig), (18 bytes).
    Removing stm32f0xx_tim.o(i.TIM_EncoderInterfaceConfig), (48 bytes).
    Removing stm32f0xx_tim.o(i.TIM_ForcedOC1Config), (12 bytes).
    Removing stm32f0xx_tim.o(i.TIM_ForcedOC2Config), (20 bytes).
    Removing stm32f0xx_tim.o(i.TIM_ForcedOC3Config), (12 bytes).
    Removing stm32f0xx_tim.o(i.TIM_ForcedOC4Config), (20 bytes).
    Removing stm32f0xx_tim.o(i.TIM_GenerateEvent), (4 bytes).
    Removing stm32f0xx_tim.o(i.TIM_GetCapture1), (4 bytes).
    Removing stm32f0xx_tim.o(i.TIM_GetCapture2), (4 bytes).
    Removing stm32f0xx_tim.o(i.TIM_GetCapture3), (4 bytes).
    Removing stm32f0xx_tim.o(i.TIM_GetCapture4), (4 bytes).
    Removing stm32f0xx_tim.o(i.TIM_GetCounter), (4 bytes).
    Removing stm32f0xx_tim.o(i.TIM_GetFlagStatus), (14 bytes).
    Removing stm32f0xx_tim.o(i.TIM_GetITStatus), (24 bytes).
    Removing stm32f0xx_tim.o(i.TIM_GetPrescaler), (4 bytes).
    Removing stm32f0xx_tim.o(i.TIM_ICInit), (184 bytes).
    Removing stm32f0xx_tim.o(i.TIM_ICStructInit), (16 bytes).
    Removing stm32f0xx_tim.o(i.TIM_ITConfig), (16 bytes).
    Removing stm32f0xx_tim.o(i.TIM_ITRxExternalClockConfig), (18 bytes).
    Removing stm32f0xx_tim.o(i.TIM_InternalClockConfig), (10 bytes).
    Removing stm32f0xx_tim.o(i.TIM_OC1FastConfig), (12 bytes).
    Removing stm32f0xx_tim.o(i.TIM_OC1Init), (124 bytes).
    Removing stm32f0xx_tim.o(i.TIM_OC1NPolarityConfig), (12 bytes).
    Removing stm32f0xx_tim.o(i.TIM_OC1PolarityConfig), (12 bytes).
    Removing stm32f0xx_tim.o(i.TIM_OC1PreloadConfig), (12 bytes).
    Removing stm32f0xx_tim.o(i.TIM_OC2FastConfig), (20 bytes).
    Removing stm32f0xx_tim.o(i.TIM_OC2Init), (144 bytes).
    Removing stm32f0xx_tim.o(i.TIM_OC2NPolarityConfig), (14 bytes).
    Removing stm32f0xx_tim.o(i.TIM_OC2PolarityConfig), (14 bytes).
    Removing stm32f0xx_tim.o(i.TIM_OC2PreloadConfig), (20 bytes).
    Removing stm32f0xx_tim.o(i.TIM_OC3FastConfig), (12 bytes).
    Removing stm32f0xx_tim.o(i.TIM_OC3Init), (136 bytes).
    Removing stm32f0xx_tim.o(i.TIM_OC3NPolarityConfig), (20 bytes).
    Removing stm32f0xx_tim.o(i.TIM_OC3PolarityConfig), (20 bytes).
    Removing stm32f0xx_tim.o(i.TIM_OC3PreloadConfig), (12 bytes).
    Removing stm32f0xx_tim.o(i.TIM_OC4FastConfig), (20 bytes).
    Removing stm32f0xx_tim.o(i.TIM_OC4Init), (100 bytes).
    Removing stm32f0xx_tim.o(i.TIM_OC4PolarityConfig), (20 bytes).
    Removing stm32f0xx_tim.o(i.TIM_OC4PreloadConfig), (20 bytes).
    Removing stm32f0xx_tim.o(i.TIM_OCStructInit), (20 bytes).
    Removing stm32f0xx_tim.o(i.TIM_PWMIConfig), (104 bytes).
    Removing stm32f0xx_tim.o(i.TIM_PrescalerConfig), (6 bytes).
    Removing stm32f0xx_tim.o(i.TIM_RemapConfig), (6 bytes).
    Removing stm32f0xx_tim.o(i.TIM_SelectCCDMA), (18 bytes).
    Removing stm32f0xx_tim.o(i.TIM_SelectCOM), (18 bytes).
    Removing stm32f0xx_tim.o(i.TIM_SelectHallSensor), (18 bytes).
    Removing stm32f0xx_tim.o(i.TIM_SelectInputTrigger), (12 bytes).
    Removing stm32f0xx_tim.o(i.TIM_SelectMasterSlaveMode), (16 bytes).
    Removing stm32f0xx_tim.o(i.TIM_SelectOCREFClear), (16 bytes).
    Removing stm32f0xx_tim.o(i.TIM_SelectOCxM), (70 bytes).
    Removing stm32f0xx_tim.o(i.TIM_SelectOnePulseMode), (16 bytes).
    Removing stm32f0xx_tim.o(i.TIM_SelectOutputTrigger), (16 bytes).
    Removing stm32f0xx_tim.o(i.TIM_SelectSlaveMode), (16 bytes).
    Removing stm32f0xx_tim.o(i.TIM_SetAutoreload), (4 bytes).
    Removing stm32f0xx_tim.o(i.TIM_SetClockDivision), (20 bytes).
    Removing stm32f0xx_tim.o(i.TIM_SetCompare1), (4 bytes).
    Removing stm32f0xx_tim.o(i.TIM_SetCompare2), (4 bytes).
    Removing stm32f0xx_tim.o(i.TIM_SetCompare3), (4 bytes).
    Removing stm32f0xx_tim.o(i.TIM_SetCompare4), (4 bytes).
    Removing stm32f0xx_tim.o(i.TIM_SetCounter), (4 bytes).
    Removing stm32f0xx_tim.o(i.TIM_SetIC1Prescaler), (16 bytes).
    Removing stm32f0xx_tim.o(i.TIM_SetIC2Prescaler), (24 bytes).
    Removing stm32f0xx_tim.o(i.TIM_SetIC3Prescaler), (16 bytes).
    Removing stm32f0xx_tim.o(i.TIM_SetIC4Prescaler), (24 bytes).
    Removing stm32f0xx_tim.o(i.TIM_TIxExternalClockConfig), (48 bytes).
    Removing stm32f0xx_tim.o(i.TIM_TimeBaseInit), (116 bytes).
    Removing stm32f0xx_tim.o(i.TIM_TimeBaseStructInit), (18 bytes).
    Removing stm32f0xx_tim.o(i.TIM_UpdateDisableConfig), (18 bytes).
    Removing stm32f0xx_tim.o(i.TIM_UpdateRequestConfig), (18 bytes).
    Removing stm32f0xx_usart.o(.rev16_text), (4 bytes).
    Removing stm32f0xx_usart.o(.revsh_text), (4 bytes).
    Removing stm32f0xx_usart.o(i.USART_AddressDetectionConfig), (16 bytes).
    Removing stm32f0xx_usart.o(i.USART_AutoBaudRateCmd), (20 bytes).
    Removing stm32f0xx_usart.o(i.USART_AutoBaudRateConfig), (18 bytes).
    Removing stm32f0xx_usart.o(i.USART_ClearFlag), (4 bytes).
    Removing stm32f0xx_usart.o(i.USART_ClearITPendingBit), (10 bytes).
    Removing stm32f0xx_usart.o(i.USART_ClockInit), (28 bytes).
    Removing stm32f0xx_usart.o(i.USART_ClockStructInit), (12 bytes).
    Removing stm32f0xx_usart.o(i.USART_Cmd), (20 bytes).
    Removing stm32f0xx_usart.o(i.USART_DECmd), (20 bytes).
    Removing stm32f0xx_usart.o(i.USART_DEPolarityConfig), (18 bytes).
    Removing stm32f0xx_usart.o(i.USART_DMACmd), (16 bytes).
    Removing stm32f0xx_usart.o(i.USART_DMAReceptionErrorConfig), (18 bytes).
    Removing stm32f0xx_usart.o(i.USART_DataInvCmd), (20 bytes).
    Removing stm32f0xx_usart.o(i.USART_DeInit), (184 bytes).
    Removing stm32f0xx_usart.o(i.USART_DirectionModeCmd), (16 bytes).
    Removing stm32f0xx_usart.o(i.USART_GetFlagStatus), (14 bytes).
    Removing stm32f0xx_usart.o(i.USART_GetITStatus), (56 bytes).
    Removing stm32f0xx_usart.o(i.USART_HalfDuplexCmd), (18 bytes).
    Removing stm32f0xx_usart.o(i.USART_ITConfig), (42 bytes).
    Removing stm32f0xx_usart.o(i.USART_Init), (168 bytes).
    Removing stm32f0xx_usart.o(i.USART_InvPinCmd), (16 bytes).
    Removing stm32f0xx_usart.o(i.USART_IrDACmd), (18 bytes).
    Removing stm32f0xx_usart.o(i.USART_IrDAConfig), (16 bytes).
    Removing stm32f0xx_usart.o(i.USART_LINBreakDetectLengthConfig), (16 bytes).
    Removing stm32f0xx_usart.o(i.USART_LINCmd), (20 bytes).
    Removing stm32f0xx_usart.o(i.USART_MSBFirstCmd), (20 bytes).
    Removing stm32f0xx_usart.o(i.USART_MuteModeCmd), (20 bytes).
    Removing stm32f0xx_usart.o(i.USART_MuteModeWakeUpConfig), (18 bytes).
    Removing stm32f0xx_usart.o(i.USART_OneBitMethodCmd), (20 bytes).
    Removing stm32f0xx_usart.o(i.USART_OverSampling8Cmd), (20 bytes).
    Removing stm32f0xx_usart.o(i.USART_OverrunDetectionConfig), (18 bytes).
    Removing stm32f0xx_usart.o(i.USART_ReceiveData), (8 bytes).
    Removing stm32f0xx_usart.o(i.USART_ReceiverTimeOutCmd), (20 bytes).
    Removing stm32f0xx_usart.o(i.USART_RequestCmd), (16 bytes).
    Removing stm32f0xx_usart.o(i.USART_STOPModeCmd), (18 bytes).
    Removing stm32f0xx_usart.o(i.USART_SWAPPinCmd), (20 bytes).
    Removing stm32f0xx_usart.o(i.USART_SendData), (8 bytes).
    Removing stm32f0xx_usart.o(i.USART_SetAddress), (18 bytes).
    Removing stm32f0xx_usart.o(i.USART_SetAutoRetryCount), (20 bytes).
    Removing stm32f0xx_usart.o(i.USART_SetBlockLength), (18 bytes).
    Removing stm32f0xx_usart.o(i.USART_SetDEAssertionTime), (20 bytes).
    Removing stm32f0xx_usart.o(i.USART_SetDEDeassertionTime), (20 bytes).
    Removing stm32f0xx_usart.o(i.USART_SetGuardTime), (16 bytes).
    Removing stm32f0xx_usart.o(i.USART_SetPrescaler), (16 bytes).
    Removing stm32f0xx_usart.o(i.USART_SetReceiverTimeOut), (16 bytes).
    Removing stm32f0xx_usart.o(i.USART_SmartCardCmd), (18 bytes).
    Removing stm32f0xx_usart.o(i.USART_SmartCardNACKCmd), (18 bytes).
    Removing stm32f0xx_usart.o(i.USART_StopModeWakeUpSourceConfig), (18 bytes).
    Removing stm32f0xx_usart.o(i.USART_StructInit), (22 bytes).
    Removing stm32f0xx_wwdg.o(.rev16_text), (4 bytes).
    Removing stm32f0xx_wwdg.o(.revsh_text), (4 bytes).
    Removing stm32f0xx_wwdg.o(i.WWDG_ClearFlag), (12 bytes).
    Removing stm32f0xx_wwdg.o(i.WWDG_DeInit), (22 bytes).
    Removing stm32f0xx_wwdg.o(i.WWDG_Enable), (16 bytes).
    Removing stm32f0xx_wwdg.o(i.WWDG_EnableIT), (16 bytes).
    Removing stm32f0xx_wwdg.o(i.WWDG_GetFlagStatus), (20 bytes).
    Removing stm32f0xx_wwdg.o(i.WWDG_SetCounter), (16 bytes).
    Removing stm32f0xx_wwdg.o(i.WWDG_SetPrescaler), (20 bytes).
    Removing stm32f0xx_wwdg.o(i.WWDG_SetWindowValue), (28 bytes).
    Removing main.o(.rev16_text), (4 bytes).
    Removing main.o(.revsh_text), (4 bytes).
    Removing main.o(.bss), (40 bytes).
    Removing main.o(.data), (1 bytes).
    Removing main.o(.data), (4 bytes).
    Removing main.o(.data), (4 bytes).
    Removing main.o(.data), (4 bytes).
    Removing main.o(.data), (4 bytes).
    Removing main.o(.data), (1 bytes).
    Removing fonts.o(.rev16_text), (4 bytes).
    Removing fonts.o(.revsh_text), (4 bytes).
    Removing fonts.o(i.FONTS_GetStringSize), (28 bytes).
    Removing init_i2c.o(.rev16_text), (4 bytes).
    Removing init_i2c.o(.revsh_text), (4 bytes).
    Removing ssd1306_i2c.o(.rev16_text), (4 bytes).
    Removing ssd1306_i2c.o(.revsh_text), (4 bytes).
    Removing ssd1306_i2c.o(i.Welcome_Screen), (44 bytes).

606 unused section(s) (total 17026 bytes) removed from the image.

==============================================================================

Image Symbol Table

    Local Symbols

    Symbol Name                              Value     Ov Type        Size  Object(Section)

    ../clib/angel/boardlib.s                 0x00000000   Number         0  boardinit2.o ABSOLUTE
    ../clib/angel/boardlib.s                 0x00000000   Number         0  boardinit1.o ABSOLUTE
    ../clib/angel/boardlib.s                 0x00000000   Number         0  boardinit3.o ABSOLUTE
    ../clib/angel/boardlib.s                 0x00000000   Number         0  boardshut.o ABSOLUTE
    ../clib/angel/handlers.s                 0x00000000   Number         0  __scatter_copy.o ABSOLUTE
    ../clib/angel/handlers.s                 0x00000000   Number         0  __scatter_zi.o ABSOLUTE
    ../clib/angel/kernel.s                   0x00000000   Number         0  __rtentry.o ABSOLUTE
    ../clib/angel/kernel.s                   0x00000000   Number         0  rtexit2.o ABSOLUTE
    ../clib/angel/kernel.s                   0x00000000   Number         0  __rtentry2.o ABSOLUTE
    ../clib/angel/kernel.s                   0x00000000   Number         0  rtexit.o ABSOLUTE
    ../clib/angel/kernel.s                   0x00000000   Number         0  __rtentry4.o ABSOLUTE
    ../clib/angel/rt.s                       0x00000000   Number         0  aeabi_idiv0.o ABSOLUTE
    ../clib/angel/rt.s                       0x00000000   Number         0  aeabi_idiv0_sigfpe.o ABSOLUTE
    ../clib/angel/rt.s                       0x00000000   Number         0  rt_raise.o ABSOLUTE
    ../clib/angel/rt.s                       0x00000000   Number         0  rt_locale_intlibspace.o ABSOLUTE
    ../clib/angel/rt.s                       0x00000000   Number         0  rt_div0.o ABSOLUTE
    ../clib/angel/rt.s                       0x00000000   Number         0  rt_locale.o ABSOLUTE
    ../clib/angel/scatterp.s                 0x00000000   Number         0  __scatter.o ABSOLUTE
    ../clib/angel/startup.s                  0x00000000   Number         0  __main.o ABSOLUTE
    ../clib/angel/sys.s                      0x00000000   Number         0  tempstk.o ABSOLUTE
    ../clib/angel/sys.s                      0x00000000   Number         0  indicate_semi.o ABSOLUTE
    ../clib/angel/sys.s                      0x00000000   Number         0  sys_stackheap_outer.o ABSOLUTE
    ../clib/angel/sys.s                      0x00000000   Number         0  libspace.o ABSOLUTE
    ../clib/angel/sys.s                      0x00000000   Number         0  use_no_semi.o ABSOLUTE
    ../clib/angel/sysapp.c                   0x00000000   Number         0  sys_wrch.o ABSOLUTE
    ../clib/angel/sysapp.c                   0x00000000   Number         0  sys_command.o ABSOLUTE
    ../clib/angel/sysapp.c                   0x00000000   Number         0  sys_exit.o ABSOLUTE
    ../clib/armsys.c                         0x00000000   Number         0  argv_veneer.o ABSOLUTE
    ../clib/armsys.c                         0x00000000   Number         0  _get_argv_nomalloc.o ABSOLUTE
    ../clib/armsys.c                         0x00000000   Number         0  no_argv.o ABSOLUTE
    ../clib/bigflt.c                         0x00000000   Number         0  bigflt0.o ABSOLUTE
    ../clib/btod.c                           0x00000000   Number         0  btod.o ABSOLUTE
    ../clib/division.c                       0x00000000   Number         0  rtudiv10.o ABSOLUTE
    ../clib/division.c                       0x00000000   Number         0  lludiv10.o ABSOLUTE
    ../clib/division.s                       0x00000000   Number         0  aeabi_sdiv.o ABSOLUTE
    ../clib/division.s                       0x00000000   Number         0  aeabi_sdiv_div0.o ABSOLUTE
    ../clib/heapalloc.c                      0x00000000   Number         0  hrguard.o ABSOLUTE
    ../clib/heapaux.c                        0x00000000   Number         0  heapauxi.o ABSOLUTE
    ../clib/libinit.s                        0x00000000   Number         0  libshutdown.o ABSOLUTE
    ../clib/libinit.s                        0x00000000   Number         0  libinit2.o ABSOLUTE
    ../clib/libinit.s                        0x00000000   Number         0  libshutdown2.o ABSOLUTE
    ../clib/libinit.s                        0x00000000   Number         0  libinit.o ABSOLUTE
    ../clib/locale.s                         0x00000000   Number         0  lc_numeric_c.o ABSOLUTE
    ../clib/memcpset.c                       0x00000000   Number         0  rt_memclr.o ABSOLUTE
    ../clib/memcpset.c                       0x00000000   Number         0  aeabi_memset.o ABSOLUTE
    ../clib/misc.s                           0x00000000   Number         0  printf_stubs.o ABSOLUTE
    ../clib/printf.c                         0x00000000   Number         0  _printf_fp_infnan.o ABSOLUTE
    ../clib/printf.c                         0x00000000   Number         0  _printf_char_common.o ABSOLUTE
    ../clib/printf.c                         0x00000000   Number         0  _printf_fp_dec.o ABSOLUTE
    ../clib/printf.c                         0x00000000   Number         0  __printf_flags_ss.o ABSOLUTE
    ../clib/printf.c                         0x00000000   Number         0  __printf_flags_ss_wp.o ABSOLUTE
    ../clib/printf.c                         0x00000000   Number         0  __printf_ss_wp.o ABSOLUTE
    ../clib/printf.c                         0x00000000   Number         0  __printf_flags_wp.o ABSOLUTE
    ../clib/printf.c                         0x00000000   Number         0  __printf_wp.o ABSOLUTE
    ../clib/printf.c                         0x00000000   Number         0  __printf_ss.o ABSOLUTE
    ../clib/printf.c                         0x00000000   Number         0  __printf_flags.o ABSOLUTE
    ../clib/printf.c                         0x00000000   Number         0  __printf.o ABSOLUTE
    ../clib/printf.c                         0x00000000   Number         0  noretval__2sprintf.o ABSOLUTE
    ../clib/printf.c                         0x00000000   Number         0  __2sprintf.o ABSOLUTE
    ../clib/printf.c                         0x00000000   Number         0  _sputc.o ABSOLUTE
    ../clib/printf.c                         0x00000000   Number         0  _printf_pad.o ABSOLUTE
    ../clib/printf.c                         0x00000000   Number         0  __printf_nopercent.o ABSOLUTE
    ../clib/printf_percent.s                 0x00000000   Number         0  _printf_f.o ABSOLUTE
    ../clib/printf_percent.s                 0x00000000   Number         0  _printf_percent.o ABSOLUTE
    ../clib/printf_percent.s                 0x00000000   Number         0  _printf_percent_end.o ABSOLUTE
    ../clib/signal.c                         0x00000000   Number         0  defsig_cppl_inner.o ABSOLUTE
    ../clib/signal.c                         0x00000000   Number         0  defsig_pvfn_inner.o ABSOLUTE
    ../clib/signal.c                         0x00000000   Number         0  defsig_exit.o ABSOLUTE
    ../clib/signal.c                         0x00000000   Number         0  defsig_stak_inner.o ABSOLUTE
    ../clib/signal.c                         0x00000000   Number         0  defsig_rtmem_outer.o ABSOLUTE
    ../clib/signal.c                         0x00000000   Number         0  defsig_fpe_outer.o ABSOLUTE
    ../clib/signal.c                         0x00000000   Number         0  defsig_abrt_inner.o ABSOLUTE
    ../clib/signal.c                         0x00000000   Number         0  defsig_general.o ABSOLUTE
    ../clib/signal.c                         0x00000000   Number         0  __raise.o ABSOLUTE
    ../clib/signal.c                         0x00000000   Number         0  defsig_rtmem_formal.o ABSOLUTE
    ../clib/signal.c                         0x00000000   Number         0  defsig_fpe_formal.o ABSOLUTE
    ../clib/signal.c                         0x00000000   Number         0  defsig_segv_inner.o ABSOLUTE
    ../clib/signal.c                         0x00000000   Number         0  defsig_other.o ABSOLUTE
    ../clib/signal.c                         0x00000000   Number         0  defsig_rtred_inner.o ABSOLUTE
    ../clib/signal.c                         0x00000000   Number         0  defsig_rtmem_inner.o ABSOLUTE
    ../clib/signal.c                         0x00000000   Number         0  defsig_fpe_inner.o ABSOLUTE
    ../clib/signal.s                         0x00000000   Number         0  defsig.o ABSOLUTE
    ../clib/stdlib.c                         0x00000000   Number         0  exit.o ABSOLUTE
    ../clib/string.c                         0x00000000   Number         0  strcmp.o ABSOLUTE
    ../clib/string.c                         0x00000000   Number         0  strlen.o ABSOLUTE
    ../clib/unhosted.c                       0x00000000   Number         0  uread4.o ABSOLUTE
    ../fplib/cfplib/cmpret.c                 0x00000000   Number         0  cmpret.o ABSOLUTE
    ../fplib/cfplib/d2f.c                    0x00000000   Number         0  d2f.o ABSOLUTE
    ../fplib/cfplib/ddiv.c                   0x00000000   Number         0  ddiv.o ABSOLUTE
    ../fplib/cfplib/dmul.c                   0x00000000   Number         0  dmul.o ABSOLUTE
    ../fplib/cfplib/f2d.c                    0x00000000   Number         0  f2d.o ABSOLUTE
    ../fplib/cfplib/fcmpin.c                 0x00000000   Number         0  fcmpin.o ABSOLUTE
    ../fplib/cfplib/fdiv.c                   0x00000000   Number         0  fdiv.o ABSOLUTE
    ../fplib/cfplib/fflt.c                   0x00000000   Number         0  fflti.o ABSOLUTE
    ../fplib/cfplib/fflt.c                   0x00000000   Number         0  dflti.o ABSOLUTE
    ../fplib/cfplib/fpinit.c                 0x00000000   Number         0  fpinit.o ABSOLUTE
    ../fplib/cfplib/ieee_status.c            0x00000000   Number         0  ieee_status.o ABSOLUTE
    ../fplib/cfplib/nan2.c                   0x00000000   Number         0  fnan2.o ABSOLUTE
    ../fplib/cfplib/retnan.c                 0x00000000   Number         0  retnan.o ABSOLUTE
    ../fplib/faddsub6m.s                     0x00000000   Number         0  faddsub.o ABSOLUTE
    ../fplib/fleqf6m.s                       0x00000000   Number         0  flef.o ABSOLUTE
    ../fplib/fmul6m.s                        0x00000000   Number         0  fmul.o ABSOLUTE
    ../fplib/printf1.s                       0x00000000   Number         0  printf1.o ABSOLUTE
    ../fplib/usenofp.s                       0x00000000   Number         0  usenofp.o ABSOLUTE
    ../mathlib/fpclassify.c                  0x00000000   Number         0  fpclassify.o ABSOLUTE
    Libs\CMSIS\system_stm32f0xx.c            0x00000000   Number         0  system_stm32f0xx.o ABSOLUTE
    Libs\Drivers\src\stm32f0xx_adc.c         0x00000000   Number         0  stm32f0xx_adc.o ABSOLUTE
    Libs\Drivers\src\stm32f0xx_can.c         0x00000000   Number         0  stm32f0xx_can.o ABSOLUTE
    Libs\Drivers\src\stm32f0xx_cec.c         0x00000000   Number         0  stm32f0xx_cec.o ABSOLUTE
    Libs\Drivers\src\stm32f0xx_comp.c        0x00000000   Number         0  stm32f0xx_comp.o ABSOLUTE
    Libs\Drivers\src\stm32f0xx_crc.c         0x00000000   Number         0  stm32f0xx_crc.o ABSOLUTE
    Libs\Drivers\src\stm32f0xx_crs.c         0x00000000   Number         0  stm32f0xx_crs.o ABSOLUTE
    Libs\Drivers\src\stm32f0xx_dac.c         0x00000000   Number         0  stm32f0xx_dac.o ABSOLUTE
    Libs\Drivers\src\stm32f0xx_dbgmcu.c      0x00000000   Number         0  stm32f0xx_dbgmcu.o ABSOLUTE
    Libs\Drivers\src\stm32f0xx_dma.c         0x00000000   Number         0  stm32f0xx_dma.o ABSOLUTE
    Libs\Drivers\src\stm32f0xx_exti.c        0x00000000   Number         0  stm32f0xx_exti.o ABSOLUTE
    Libs\Drivers\src\stm32f0xx_flash.c       0x00000000   Number         0  stm32f0xx_flash.o ABSOLUTE
    Libs\Drivers\src\stm32f0xx_gpio.c        0x00000000   Number         0  stm32f0xx_gpio.o ABSOLUTE
    Libs\Drivers\src\stm32f0xx_i2c.c         0x00000000   Number         0  stm32f0xx_i2c.o ABSOLUTE
    Libs\Drivers\src\stm32f0xx_iwdg.c        0x00000000   Number         0  stm32f0xx_iwdg.o ABSOLUTE
    Libs\Drivers\src\stm32f0xx_misc.c        0x00000000   Number         0  stm32f0xx_misc.o ABSOLUTE
    Libs\Drivers\src\stm32f0xx_pwr.c         0x00000000   Number         0  stm32f0xx_pwr.o ABSOLUTE
    Libs\Drivers\src\stm32f0xx_rcc.c         0x00000000   Number         0  stm32f0xx_rcc.o ABSOLUTE
    Libs\Drivers\src\stm32f0xx_rtc.c         0x00000000   Number         0  stm32f0xx_rtc.o ABSOLUTE
    Libs\Drivers\src\stm32f0xx_spi.c         0x00000000   Number         0  stm32f0xx_spi.o ABSOLUTE
    Libs\Drivers\src\stm32f0xx_syscfg.c      0x00000000   Number         0  stm32f0xx_syscfg.o ABSOLUTE
    Libs\Drivers\src\stm32f0xx_tim.c         0x00000000   Number         0  stm32f0xx_tim.o ABSOLUTE
    Libs\Drivers\src\stm32f0xx_usart.c       0x00000000   Number         0  stm32f0xx_usart.o ABSOLUTE
    Libs\Drivers\src\stm32f0xx_wwdg.c        0x00000000   Number         0  stm32f0xx_wwdg.o ABSOLUTE
    Libs\Startup\startup_stm32f030.s         0x00000000   Number         0  startup_stm32f030.o ABSOLUTE
    Libs\\CMSIS\\system_stm32f0xx.c          0x00000000   Number         0  system_stm32f0xx.o ABSOLUTE
    Libs\\Drivers\\src\\stm32f0xx_adc.c      0x00000000   Number         0  stm32f0xx_adc.o ABSOLUTE
    Libs\\Drivers\\src\\stm32f0xx_can.c      0x00000000   Number         0  stm32f0xx_can.o ABSOLUTE
    Libs\\Drivers\\src\\stm32f0xx_cec.c      0x00000000   Number         0  stm32f0xx_cec.o ABSOLUTE
    Libs\\Drivers\\src\\stm32f0xx_comp.c     0x00000000   Number         0  stm32f0xx_comp.o ABSOLUTE
    Libs\\Drivers\\src\\stm32f0xx_crc.c      0x00000000   Number         0  stm32f0xx_crc.o ABSOLUTE
    Libs\\Drivers\\src\\stm32f0xx_crs.c      0x00000000   Number         0  stm32f0xx_crs.o ABSOLUTE
    Libs\\Drivers\\src\\stm32f0xx_dac.c      0x00000000   Number         0  stm32f0xx_dac.o ABSOLUTE
    Libs\\Drivers\\src\\stm32f0xx_dbgmcu.c   0x00000000   Number         0  stm32f0xx_dbgmcu.o ABSOLUTE
    Libs\\Drivers\\src\\stm32f0xx_dma.c      0x00000000   Number         0  stm32f0xx_dma.o ABSOLUTE
    Libs\\Drivers\\src\\stm32f0xx_exti.c     0x00000000   Number         0  stm32f0xx_exti.o ABSOLUTE
    Libs\\Drivers\\src\\stm32f0xx_flash.c    0x00000000   Number         0  stm32f0xx_flash.o ABSOLUTE
    Libs\\Drivers\\src\\stm32f0xx_gpio.c     0x00000000   Number         0  stm32f0xx_gpio.o ABSOLUTE
    Libs\\Drivers\\src\\stm32f0xx_i2c.c      0x00000000   Number         0  stm32f0xx_i2c.o ABSOLUTE
    Libs\\Drivers\\src\\stm32f0xx_iwdg.c     0x00000000   Number         0  stm32f0xx_iwdg.o ABSOLUTE
    Libs\\Drivers\\src\\stm32f0xx_misc.c     0x00000000   Number         0  stm32f0xx_misc.o ABSOLUTE
    Libs\\Drivers\\src\\stm32f0xx_pwr.c      0x00000000   Number         0  stm32f0xx_pwr.o ABSOLUTE
    Libs\\Drivers\\src\\stm32f0xx_rcc.c      0x00000000   Number         0  stm32f0xx_rcc.o ABSOLUTE
    Libs\\Drivers\\src\\stm32f0xx_rtc.c      0x00000000   Number         0  stm32f0xx_rtc.o ABSOLUTE
    Libs\\Drivers\\src\\stm32f0xx_spi.c      0x00000000   Number         0  stm32f0xx_spi.o ABSOLUTE
    Libs\\Drivers\\src\\stm32f0xx_syscfg.c   0x00000000   Number         0  stm32f0xx_syscfg.o ABSOLUTE
    Libs\\Drivers\\src\\stm32f0xx_tim.c      0x00000000   Number         0  stm32f0xx_tim.o ABSOLUTE
    Libs\\Drivers\\src\\stm32f0xx_usart.c    0x00000000   Number         0  stm32f0xx_usart.o ABSOLUTE
    Libs\\Drivers\\src\\stm32f0xx_wwdg.c     0x00000000   Number         0  stm32f0xx_wwdg.o ABSOLUTE
    UserSource\Init_I2C.c                    0x00000000   Number         0  init_i2c.o ABSOLUTE
    UserSource\SSD1306_I2C.c                 0x00000000   Number         0  ssd1306_i2c.o ABSOLUTE
    UserSource\\Init_I2C.c                   0x00000000   Number         0  init_i2c.o ABSOLUTE
    UserSource\\SSD1306_I2C.c                0x00000000   Number         0  ssd1306_i2c.o ABSOLUTE
    UserSource\\fonts.c                      0x00000000   Number         0  fonts.o ABSOLUTE
    UserSource\\main.c                       0x00000000   Number         0  main.o ABSOLUTE
    UserSource\fonts.c                       0x00000000   Number         0  fonts.o ABSOLUTE
    UserSource\main.c                        0x00000000   Number         0  main.o ABSOLUTE
    dc.s                                     0x00000000   Number         0  dc.o ABSOLUTE
    RESET                                    0x08000000   Section      180  startup_stm32f030.o(RESET)
    !!!main                                  0x080000b4   Section        8  __main.o(!!!main)
    !!!scatter                               0x080000bc   Section       60  __scatter.o(!!!scatter)
    !!handler_copy                           0x080000f8   Section       26  __scatter_copy.o(!!handler_copy)
    !!handler_zi                             0x08000114   Section       28  __scatter_zi.o(!!handler_zi)
    .ARM.Collect$$_printf_percent$$00000000  0x08000130   Section        2  _printf_percent.o(.ARM.Collect$$_printf_percent$$00000000)
    .ARM.Collect$$_printf_percent$$00000003  0x08000132   Section       10  _printf_f.o(.ARM.Collect$$_printf_percent$$00000003)
    .ARM.Collect$$_printf_percent$$00000017  0x0800013c   Section        4  _printf_percent_end.o(.ARM.Collect$$_printf_percent$$00000017)
    .ARM.Collect$$libinit$$00000000          0x08000140   Section        2  libinit.o(.ARM.Collect$$libinit$$00000000)
    .ARM.Collect$$libinit$$00000002          0x08000142   Section        0  libinit2.o(.ARM.Collect$$libinit$$00000002)
    .ARM.Collect$$libinit$$00000004          0x08000142   Section        0  libinit2.o(.ARM.Collect$$libinit$$00000004)
    .ARM.Collect$$libinit$$0000000A          0x08000142   Section        0  libinit2.o(.ARM.Collect$$libinit$$0000000A)
    .ARM.Collect$$libinit$$0000000C          0x08000142   Section        0  libinit2.o(.ARM.Collect$$libinit$$0000000C)
    .ARM.Collect$$libinit$$0000000E          0x08000142   Section        0  libinit2.o(.ARM.Collect$$libinit$$0000000E)
    .ARM.Collect$$libinit$$0000000F          0x08000142   Section        6  libinit2.o(.ARM.Collect$$libinit$$0000000F)
    .ARM.Collect$$libinit$$00000011          0x08000148   Section        0  libinit2.o(.ARM.Collect$$libinit$$00000011)
    .ARM.Collect$$libinit$$00000013          0x08000148   Section        0  libinit2.o(.ARM.Collect$$libinit$$00000013)
    .ARM.Collect$$libinit$$00000015          0x08000148   Section        0  libinit2.o(.ARM.Collect$$libinit$$00000015)
    .ARM.Collect$$libinit$$00000016          0x08000148   Section       10  libinit2.o(.ARM.Collect$$libinit$$00000016)
    .ARM.Collect$$libinit$$00000017          0x08000152   Section        0  libinit2.o(.ARM.Collect$$libinit$$00000017)
    .ARM.Collect$$libinit$$00000019          0x08000152   Section        0  libinit2.o(.ARM.Collect$$libinit$$00000019)
    .ARM.Collect$$libinit$$0000001B          0x08000152   Section        0  libinit2.o(.ARM.Collect$$libinit$$0000001B)
    .ARM.Collect$$libinit$$0000001D          0x08000152   Section        0  libinit2.o(.ARM.Collect$$libinit$$0000001D)
    .ARM.Collect$$libinit$$0000001F          0x08000152   Section        0  libinit2.o(.ARM.Collect$$libinit$$0000001F)
    .ARM.Collect$$libinit$$00000021          0x08000152   Section        0  libinit2.o(.ARM.Collect$$libinit$$00000021)
    .ARM.Collect$$libinit$$00000023          0x08000152   Section        0  libinit2.o(.ARM.Collect$$libinit$$00000023)
    .ARM.Collect$$libinit$$00000025          0x08000152   Section        0  libinit2.o(.ARM.Collect$$libinit$$00000025)
    .ARM.Collect$$libinit$$0000002C          0x08000152   Section        0  libinit2.o(.ARM.Collect$$libinit$$0000002C)
    .ARM.Collect$$libinit$$0000002E          0x08000152   Section        0  libinit2.o(.ARM.Collect$$libinit$$0000002E)
    .ARM.Collect$$libinit$$00000030          0x08000152   Section        0  libinit2.o(.ARM.Collect$$libinit$$00000030)
    .ARM.Collect$$libinit$$00000032          0x08000152   Section        0  libinit2.o(.ARM.Collect$$libinit$$00000032)
    .ARM.Collect$$libinit$$00000033          0x08000152   Section        2  libinit2.o(.ARM.Collect$$libinit$$00000033)
    .ARM.Collect$$libshutdown$$00000000      0x08000154   Section        2  libshutdown.o(.ARM.Collect$$libshutdown$$00000000)
    .ARM.Collect$$libshutdown$$00000002      0x08000156   Section        0  libshutdown2.o(.ARM.Collect$$libshutdown$$00000002)
    .ARM.Collect$$libshutdown$$00000004      0x08000156   Section        0  libshutdown2.o(.ARM.Collect$$libshutdown$$00000004)
    .ARM.Collect$$libshutdown$$00000007      0x08000156   Section        0  libshutdown2.o(.ARM.Collect$$libshutdown$$00000007)
    .ARM.Collect$$libshutdown$$0000000A      0x08000156   Section        0  libshutdown2.o(.ARM.Collect$$libshutdown$$0000000A)
    .ARM.Collect$$libshutdown$$0000000C      0x08000156   Section        0  libshutdown2.o(.ARM.Collect$$libshutdown$$0000000C)
    .ARM.Collect$$libshutdown$$0000000F      0x08000156   Section        0  libshutdown2.o(.ARM.Collect$$libshutdown$$0000000F)
    .ARM.Collect$$libshutdown$$00000010      0x08000156   Section        2  libshutdown2.o(.ARM.Collect$$libshutdown$$00000010)
    .ARM.Collect$$rtentry$$00000000          0x08000158   Section        0  __rtentry.o(.ARM.Collect$$rtentry$$00000000)
    .ARM.Collect$$rtentry$$00000002          0x08000158   Section        0  __rtentry2.o(.ARM.Collect$$rtentry$$00000002)
    .ARM.Collect$$rtentry$$00000004          0x08000158   Section        6  __rtentry4.o(.ARM.Collect$$rtentry$$00000004)
    .ARM.Collect$$rtentry$$00000009          0x0800015e   Section        0  __rtentry2.o(.ARM.Collect$$rtentry$$00000009)
    .ARM.Collect$$rtentry$$0000000A          0x0800015e   Section        4  __rtentry2.o(.ARM.Collect$$rtentry$$0000000A)
    .ARM.Collect$$rtentry$$0000000C          0x08000162   Section        0  __rtentry2.o(.ARM.Collect$$rtentry$$0000000C)
    .ARM.Collect$$rtentry$$0000000D          0x08000162   Section        8  __rtentry2.o(.ARM.Collect$$rtentry$$0000000D)
    .ARM.Collect$$rtexit$$00000000           0x0800016a   Section        2  rtexit.o(.ARM.Collect$$rtexit$$00000000)
    .ARM.Collect$$rtexit$$00000002           0x0800016c   Section        0  rtexit2.o(.ARM.Collect$$rtexit$$00000002)
    .ARM.Collect$$rtexit$$00000003           0x0800016c   Section        4  rtexit2.o(.ARM.Collect$$rtexit$$00000003)
    .ARM.Collect$$rtexit$$00000004           0x08000170   Section        6  rtexit2.o(.ARM.Collect$$rtexit$$00000004)
    .text                                    0x08000178   Section      116  startup_stm32f030.o(.text)
    .text                                    0x080001ec   Section        0  noretval__2sprintf.o(.text)
    .text                                    0x08000214   Section        0  _printf_pad.o(.text)
    .text                                    0x08000262   Section        0  __printf_wp.o(.text)
    .text                                    0x08000370   Section        0  aeabi_memset.o(.text)
    .text                                    0x08000382   Section      346  aeabi_sdiv.o(.text)
    .text                                    0x080004dc   Section        0  heapauxi.o(.text)
    .text                                    0x080004e4   Section        0  d2f.o(.text)
    .text                                    0x08000560   Section        0  ddiv.o(.text)
    .text                                    0x080009a8   Section        0  dflti.o(.text)
    .text                                    0x08000a00   Section        0  dmul.o(.text)
    .text                                    0x08000c48   Section        0  f2d.o(.text)
    .text                                    0x08000c9c   Section        0  fdiv.o(.text)
    .text                                    0x08000dfc   Section        0  fflti.o(.text)
    .text                                    0x08000e5c   Section        0  _printf_fp_dec.o(.text)
    _fp_digits                               0x08000e5f   Thumb Code   408  _printf_fp_dec.o(.text)
    .text                                    0x08001270   Section        0  _printf_char_common.o(.text)
    _printf_input_char                       0x08001271   Thumb Code    10  _printf_char_common.o(.text)
    .text                                    0x080012a0   Section        0  _sputc.o(.text)
    .text                                    0x080012aa   Section        0  rt_memclr.o(.text)
    .text                                    0x080012ec   Section        0  fcmpin.o(.text)
    .text                                    0x08001350   Section        8  rt_locale_intlibspace.o(.text)
    .text                                    0x08001358   Section        0  lludiv10.o(.text)
    .text                                    0x080013d4   Section        0  _printf_fp_infnan.o(.text)
    .text                                    0x0800145c   Section        0  bigflt0.o(.text)
    .text                                    0x08001524   Section        0  btod.o(.text)
    btod_internal_mul                        0x08001565   Thumb Code   456  btod.o(.text)
    btod_internal_div                        0x0800172d   Thumb Code   494  btod.o(.text)
    .text                                    0x080019cc   Section        0  rtudiv10.o(.text)
    .text                                    0x080019f4   Section        0  cmpret.o(.text)
    .text                                    0x08001a24   Section        0  fnan2.o(.text)
    .text                                    0x08001a34   Section        8  libspace.o(.text)
    .text                                    0x08001a3c   Section       62  sys_stackheap_outer.o(.text)
    .text                                    0x08001a7a   Section        0  exit.o(.text)
    .text                                    0x08001a8c   Section        0  strcmp.o(.text)
    .text                                    0x08001b14   Section        0  retnan.o(.text)
    .text                                    0x08001b74   Section        0  sys_exit.o(.text)
    .text                                    0x08001b80   Section        2  use_no_semi.o(.text)
    .text                                    0x08001b82   Section        0  indicate_semi.o(.text)
    i.ADC_init                               0x08001b84   Section        0  main.o(i.ADC_init)
    i.DMA1_Channel1_IRQHandler               0x08001bdc   Section        0  main.o(i.DMA1_Channel1_IRQHandler)
    i.DMA_ini_ADC1                           0x08001c1c   Section        0  main.o(i.DMA_ini_ADC1)
    i.FLASH_PrefetchBufferCmd                0x08001c74   Section        0  stm32f0xx_flash.o(i.FLASH_PrefetchBufferCmd)
    i.GPIO_PinAFConfig                       0x08001c8c   Section        0  stm32f0xx_gpio.o(i.GPIO_PinAFConfig)
    i.Init_I2C                               0x08001cac   Section        0  init_i2c.o(i.Init_I2C)
    i.Init_Port                              0x08001d18   Section        0  main.o(i.Init_Port)
    i.Init_SSD1306                           0x08001d48   Section        0  ssd1306_i2c.o(i.Init_SSD1306)
    i.RCC_DeInit                             0x08001e44   Section        0  stm32f0xx_rcc.o(i.RCC_DeInit)
    i.RCC_PLLConfig                          0x08001ea0   Section        0  stm32f0xx_rcc.o(i.RCC_PLLConfig)
    i.RCC_PREDIV1Config                      0x08001ebc   Section        0  stm32f0xx_rcc.o(i.RCC_PREDIV1Config)
    i.SSD1306_DrawPixel                      0x08001ed0   Section        0  ssd1306_i2c.o(i.SSD1306_DrawPixel)
    i.SSD1306_Fill                           0x08001f14   Section        0  ssd1306_i2c.o(i.SSD1306_Fill)
    i.SSD1306_GotoXY                         0x08001f30   Section        0  ssd1306_i2c.o(i.SSD1306_GotoXY)
    i.SSD1306_Putc                           0x08001f3c   Section        0  ssd1306_i2c.o(i.SSD1306_Putc)
    i.SSD1306_Puts                           0x08001fcc   Section        0  ssd1306_i2c.o(i.SSD1306_Puts)
    i.SSD1306_UpdateScreen_My                0x08001ff4   Section        0  ssd1306_i2c.o(i.SSD1306_UpdateScreen_My)
    i.SetSysClock                            0x08002030   Section        0  system_stm32f0xx.o(i.SetSysClock)
    SetSysClock                              0x08002031   Thumb Code   142  system_stm32f0xx.o(i.SetSysClock)
    i.SetSysClockToHSI48                     0x080020c8   Section        0  main.o(i.SetSysClockToHSI48)
    i.SystemInit                             0x0800212c   Section        0  system_stm32f0xx.o(i.SystemInit)
    i.__ARM_common_ll_muluu                  0x0800218c   Section        0  btod.o(i.__ARM_common_ll_muluu)
    i.__ARM_fpclassify                       0x080021bc   Section        0  fpclassify.o(i.__ARM_fpclassify)
    i._is_digit                              0x080021e8   Section        0  __printf_wp.o(i._is_digit)
    i.main                                   0x080021f8   Section        0  main.o(i.main)
    i.ssd1306_Multisend                      0x08002410   Section        0  ssd1306_i2c.o(i.ssd1306_Multisend)
    i.ssd1306_send                           0x080024c8   Section        0  ssd1306_i2c.o(i.ssd1306_send)
    locale$$code                             0x0800253c   Section       44  lc_numeric_c.o(locale$$code)
    x$fpl$fadd                               0x08002568   Section      140  faddsub.o(x$fpl$fadd)
    _fadd1                                   0x08002575   Thumb Code     0  faddsub.o(x$fpl$fadd)
    x$fpl$fleqf                              0x080025f4   Section       84  flef.o(x$fpl$fleqf)
    x$fpl$fmul                               0x08002648   Section      176  fmul.o(x$fpl$fmul)
    x$fpl$fsub                               0x080026f8   Section      208  faddsub.o(x$fpl$fsub)
    _fsub1                                   0x08002705   Thumb Code     0  faddsub.o(x$fpl$fsub)
    x$fpl$printf1                            0x080027c8   Section       16  printf1.o(x$fpl$printf1)
    .constdata                               0x080027d8   Section     1900  fonts.o(.constdata)
    x$fpl$usenofp                            0x080027d8   Section        0  usenofp.o(x$fpl$usenofp)
    .constdata                               0x08002f44   Section     3420  fonts.o(.constdata)
    .constdata                               0x08003ca0   Section      128  ddiv.o(.constdata)
    ddiv_reciptbl                            0x08003ca0   Data         128  ddiv.o(.constdata)
    .constdata                               0x08003d20   Section       64  fdiv.o(.constdata)
    fdiv_tab                                 0x08003d20   Data          64  fdiv.o(.constdata)
    .constdata                               0x08003d60   Section      148  bigflt0.o(.constdata)
    tenpwrs_x                                0x08003d60   Data          60  bigflt0.o(.constdata)
    tenpwrs_i                                0x08003d9c   Data          64  bigflt0.o(.constdata)
    locale$$data                             0x08003e14   Section       28  lc_numeric_c.o(locale$$data)
    __lcnum_c_name                           0x08003e18   Data           2  lc_numeric_c.o(locale$$data)
    __lcnum_c_start                          0x08003e20   Data           0  lc_numeric_c.o(locale$$data)
    __lcnum_c_point                          0x08003e2c   Data           0  lc_numeric_c.o(locale$$data)
    __lcnum_c_thousands                      0x08003e2e   Data           0  lc_numeric_c.o(locale$$data)
    __lcnum_c_grouping                       0x08003e2f   Data           0  lc_numeric_c.o(locale$$data)
    __lcnum_c_end                            0x08003e30   Data           0  lc_numeric_c.o(locale$$data)
    .data                                    0x20000000   Section       36  main.o(.data)
    .data                                    0x20000024   Section        8  fonts.o(.data)
    .data                                    0x2000002c   Section        8  fonts.o(.data)
    .data                                    0x20000034   Section       10  ssd1306_i2c.o(.data)
    SSD1306                                  0x20000038   Data           6  ssd1306_i2c.o(.data)
    .bss                                     0x20000040   Section      300  main.o(.bss)
    .bss                                     0x2000016c   Section     1024  ssd1306_i2c.o(.bss)
    SSD1306_Buffer                           0x2000016c   Data        1024  ssd1306_i2c.o(.bss)
    .bss                                     0x2000056c   Section       96  libspace.o(.bss)
    HEAP                                     0x200005d0   Section      512  startup_stm32f030.o(HEAP)
    Heap_Mem                                 0x200005d0   Data         512  startup_stm32f030.o(HEAP)
    STACK                                    0x200007d0   Section     1024  startup_stm32f030.o(STACK)
    Stack_Mem                                0x200007d0   Data        1024  startup_stm32f030.o(STACK)
    __initial_sp                             0x20000bd0   Data           0  startup_stm32f030.o(STACK)

    Global Symbols

    Symbol Name                              Value     Ov Type        Size  Object(Section)

    BuildAttributes$$THM_ISAv3M$S$PE$A:L22$X:L11$S22$IEEE1$IW$USESV6$~STKCKD$USESV7$~SHL$OTIME$ROPI$IEEEJ$EBA8$UX$STANDARDLIB$REQ8$PRES8$EABIv2 0x00000000   Number         0  anon$$obj.o ABSOLUTE
    __ARM_use_no_argv                        0x00000000   Number         0  main.o ABSOLUTE
    _printf_flags                            0x00000000   Number         0  printf_stubs.o ABSOLUTE
    _printf_return_value                     0x00000000   Number         0  printf_stubs.o ABSOLUTE
    _printf_sizespec                         0x00000000   Number         0  printf_stubs.o ABSOLUTE
    _printf_widthprec                        0x00000000   Number         0  printf_stubs.o ABSOLUTE
    __ARM_exceptions_init                     - Undefined Weak Reference
    __alloca_initialize                       - Undefined Weak Reference
    __arm_preinit_                            - Undefined Weak Reference
    __cpp_initialize__aeabi_                  - Undefined Weak Reference
    __cxa_finalize                            - Undefined Weak Reference
    __sigvec_lookup                           - Undefined Weak Reference
    _atexit_init                              - Undefined Weak Reference
    _call_atexit_fns                          - Undefined Weak Reference
    _clock_init                               - Undefined Weak Reference
    _fp_trap_init                             - Undefined Weak Reference
    _fp_trap_shutdown                         - Undefined Weak Reference
    _get_lc_collate                           - Undefined Weak Reference
    _get_lc_ctype                             - Undefined Weak Reference
    _get_lc_monetary                          - Undefined Weak Reference
    _get_lc_time                              - Undefined Weak Reference
    _getenv_init                              - Undefined Weak Reference
    _handle_redirection                       - Undefined Weak Reference
    _init_alloc                               - Undefined Weak Reference
    _init_user_alloc                          - Undefined Weak Reference
    _initio                                   - Undefined Weak Reference
    _rand_init                                - Undefined Weak Reference
    _signal_finish                            - Undefined Weak Reference
    _signal_init                              - Undefined Weak Reference
    _terminate_alloc                          - Undefined Weak Reference
    _terminate_user_alloc                     - Undefined Weak Reference
    _terminateio                              - Undefined Weak Reference
    __Vectors_Size                           0x000000b4   Number         0  startup_stm32f030.o ABSOLUTE
    __Vectors                                0x08000000   Data           4  startup_stm32f030.o(RESET)
    __Vectors_End                            0x080000b4   Data           0  startup_stm32f030.o(RESET)
    __main                                   0x080000b5   Thumb Code     8  __main.o(!!!main)
    __scatterload                            0x080000bd   Thumb Code     0  __scatter.o(!!!scatter)
    __scatterload_rt2                        0x080000bd   Thumb Code    52  __scatter.o(!!!scatter)
    __scatterload_rt2_thumb_only             0x080000bd   Thumb Code     0  __scatter.o(!!!scatter)
    __scatterload_null                       0x080000cd   Thumb Code     0  __scatter.o(!!!scatter)
    __scatterload_copy                       0x080000f9   Thumb Code    26  __scatter_copy.o(!!handler_copy)
    __scatterload_zeroinit                   0x08000115   Thumb Code    28  __scatter_zi.o(!!handler_zi)
    _printf_percent                          0x08000131   Thumb Code     0  _printf_percent.o(.ARM.Collect$$_printf_percent$$00000000)
    _printf_f                                0x08000133   Thumb Code     0  _printf_f.o(.ARM.Collect$$_printf_percent$$00000003)
    _printf_percent_end                      0x0800013d   Thumb Code     0  _printf_percent_end.o(.ARM.Collect$$_printf_percent$$00000017)
    __rt_lib_init                            0x08000141   Thumb Code     0  libinit.o(.ARM.Collect$$libinit$$00000000)
    __rt_lib_init_fp_1                       0x08000143   Thumb Code     0  libinit2.o(.ARM.Collect$$libinit$$00000002)
    __rt_lib_init_heap_1                     0x08000143   Thumb Code     0  libinit2.o(.ARM.Collect$$libinit$$0000000A)
    __rt_lib_init_lc_common                  0x08000143   Thumb Code     0  libinit2.o(.ARM.Collect$$libinit$$0000000F)
    __rt_lib_init_preinit_1                  0x08000143   Thumb Code     0  libinit2.o(.ARM.Collect$$libinit$$00000004)
    __rt_lib_init_rand_1                     0x08000143   Thumb Code     0  libinit2.o(.ARM.Collect$$libinit$$0000000E)
    __rt_lib_init_user_alloc_1               0x08000143   Thumb Code     0  libinit2.o(.ARM.Collect$$libinit$$0000000C)
    __rt_lib_init_lc_collate_1               0x08000149   Thumb Code     0  libinit2.o(.ARM.Collect$$libinit$$00000011)
    __rt_lib_init_lc_ctype_1                 0x08000149   Thumb Code     0  libinit2.o(.ARM.Collect$$libinit$$00000013)
    __rt_lib_init_lc_monetary_1              0x08000149   Thumb Code     0  libinit2.o(.ARM.Collect$$libinit$$00000015)
    __rt_lib_init_lc_numeric_2               0x08000149   Thumb Code     0  libinit2.o(.ARM.Collect$$libinit$$00000016)
    __rt_lib_init_alloca_1                   0x08000153   Thumb Code     0  libinit2.o(.ARM.Collect$$libinit$$0000002E)
    __rt_lib_init_argv_1                     0x08000153   Thumb Code     0  libinit2.o(.ARM.Collect$$libinit$$0000002C)
    __rt_lib_init_atexit_1                   0x08000153   Thumb Code     0  libinit2.o(.ARM.Collect$$libinit$$0000001B)
    __rt_lib_init_clock_1                    0x08000153   Thumb Code     0  libinit2.o(.ARM.Collect$$libinit$$00000021)
    __rt_lib_init_cpp_1                      0x08000153   Thumb Code     0  libinit2.o(.ARM.Collect$$libinit$$00000032)
    __rt_lib_init_exceptions_1               0x08000153   Thumb Code     0  libinit2.o(.ARM.Collect$$libinit$$00000030)
    __rt_lib_init_fp_trap_1                  0x08000153   Thumb Code     0  libinit2.o(.ARM.Collect$$libinit$$0000001F)
    __rt_lib_init_getenv_1                   0x08000153   Thumb Code     0  libinit2.o(.ARM.Collect$$libinit$$00000023)
    __rt_lib_init_lc_numeric_1               0x08000153   Thumb Code     0  libinit2.o(.ARM.Collect$$libinit$$00000017)
    __rt_lib_init_lc_time_1                  0x08000153   Thumb Code     0  libinit2.o(.ARM.Collect$$libinit$$00000019)
    __rt_lib_init_return                     0x08000153   Thumb Code     0  libinit2.o(.ARM.Collect$$libinit$$00000033)
    __rt_lib_init_signal_1                   0x08000153   Thumb Code     0  libinit2.o(.ARM.Collect$$libinit$$0000001D)
    __rt_lib_init_stdio_1                    0x08000153   Thumb Code     0  libinit2.o(.ARM.Collect$$libinit$$00000025)
    __rt_lib_shutdown                        0x08000155   Thumb Code     0  libshutdown.o(.ARM.Collect$$libshutdown$$00000000)
    __rt_lib_shutdown_cpp_1                  0x08000157   Thumb Code     0  libshutdown2.o(.ARM.Collect$$libshutdown$$00000002)
    __rt_lib_shutdown_fp_trap_1              0x08000157   Thumb Code     0  libshutdown2.o(.ARM.Collect$$libshutdown$$00000007)
    __rt_lib_shutdown_heap_1                 0x08000157   Thumb Code     0  libshutdown2.o(.ARM.Collect$$libshutdown$$0000000F)
    __rt_lib_shutdown_return                 0x08000157   Thumb Code     0  libshutdown2.o(.ARM.Collect$$libshutdown$$00000010)
    __rt_lib_shutdown_signal_1               0x08000157   Thumb Code     0  libshutdown2.o(.ARM.Collect$$libshutdown$$0000000A)
    __rt_lib_shutdown_stdio_1                0x08000157   Thumb Code     0  libshutdown2.o(.ARM.Collect$$libshutdown$$00000004)
    __rt_lib_shutdown_user_alloc_1           0x08000157   Thumb Code     0  libshutdown2.o(.ARM.Collect$$libshutdown$$0000000C)
    __rt_entry                               0x08000159   Thumb Code     0  __rtentry.o(.ARM.Collect$$rtentry$$00000000)
    __rt_entry_presh_1                       0x08000159   Thumb Code     0  __rtentry2.o(.ARM.Collect$$rtentry$$00000002)
    __rt_entry_sh                            0x08000159   Thumb Code     0  __rtentry4.o(.ARM.Collect$$rtentry$$00000004)
    __rt_entry_li                            0x0800015f   Thumb Code     0  __rtentry2.o(.ARM.Collect$$rtentry$$0000000A)
    __rt_entry_postsh_1                      0x0800015f   Thumb Code     0  __rtentry2.o(.ARM.Collect$$rtentry$$00000009)
    __rt_entry_main                          0x08000163   Thumb Code     0  __rtentry2.o(.ARM.Collect$$rtentry$$0000000D)
    __rt_entry_postli_1                      0x08000163   Thumb Code     0  __rtentry2.o(.ARM.Collect$$rtentry$$0000000C)
    __rt_exit                                0x0800016b   Thumb Code     0  rtexit.o(.ARM.Collect$$rtexit$$00000000)
    __rt_exit_ls                             0x0800016d   Thumb Code     0  rtexit2.o(.ARM.Collect$$rtexit$$00000003)
    __rt_exit_prels_1                        0x0800016d   Thumb Code     0  rtexit2.o(.ARM.Collect$$rtexit$$00000002)
    __rt_exit_exit                           0x08000171   Thumb Code     0  rtexit2.o(.ARM.Collect$$rtexit$$00000004)
    Reset_Handler                            0x08000179   Thumb Code    38  startup_stm32f030.o(.text)
    NMI_Handler                              0x0800019f   Thumb Code     2  startup_stm32f030.o(.text)
    HardFault_Handler                        0x080001a1   Thumb Code     2  startup_stm32f030.o(.text)
    SVC_Handler                              0x080001a3   Thumb Code     2  startup_stm32f030.o(.text)
    PendSV_Handler                           0x080001a5   Thumb Code     2  startup_stm32f030.o(.text)
    SysTick_Handler                          0x080001a7   Thumb Code     2  startup_stm32f030.o(.text)
    ADC1_IRQHandler                          0x080001a9   Thumb Code     0  startup_stm32f030.o(.text)
    DMA1_Channel2_3_IRQHandler               0x080001a9   Thumb Code     0  startup_stm32f030.o(.text)
    DMA1_Channel4_5_IRQHandler               0x080001a9   Thumb Code     0  startup_stm32f030.o(.text)
    EXTI0_1_IRQHandler                       0x080001a9   Thumb Code     0  startup_stm32f030.o(.text)
    EXTI2_3_IRQHandler                       0x080001a9   Thumb Code     0  startup_stm32f030.o(.text)
    EXTI4_15_IRQHandler                      0x080001a9   Thumb Code     0  startup_stm32f030.o(.text)
    FLASH_IRQHandler                         0x080001a9   Thumb Code     0  startup_stm32f030.o(.text)
    I2C1_IRQHandler                          0x080001a9   Thumb Code     0  startup_stm32f030.o(.text)
    I2C2_IRQHandler                          0x080001a9   Thumb Code     0  startup_stm32f030.o(.text)
    RCC_IRQHandler                           0x080001a9   Thumb Code     0  startup_stm32f030.o(.text)
    RTC_IRQHandler                           0x080001a9   Thumb Code     0  startup_stm32f030.o(.text)
    SPI1_IRQHandler                          0x080001a9   Thumb Code     0  startup_stm32f030.o(.text)
    SPI2_IRQHandler                          0x080001a9   Thumb Code     0  startup_stm32f030.o(.text)
    TIM14_IRQHandler                         0x080001a9   Thumb Code     0  startup_stm32f030.o(.text)
    TIM15_IRQHandler                         0x080001a9   Thumb Code     0  startup_stm32f030.o(.text)
    TIM16_IRQHandler                         0x080001a9   Thumb Code     0  startup_stm32f030.o(.text)
    TIM17_IRQHandler                         0x080001a9   Thumb Code     0  startup_stm32f030.o(.text)
    TIM1_BRK_UP_TRG_COM_IRQHandler           0x080001a9   Thumb Code     0  startup_stm32f030.o(.text)
    TIM1_CC_IRQHandler                       0x080001a9   Thumb Code     0  startup_stm32f030.o(.text)
    TIM3_IRQHandler                          0x080001a9   Thumb Code     0  startup_stm32f030.o(.text)
    USART1_IRQHandler                        0x080001a9   Thumb Code     0  startup_stm32f030.o(.text)
    USART2_IRQHandler                        0x080001a9   Thumb Code     0  startup_stm32f030.o(.text)
    WWDG_IRQHandler                          0x080001a9   Thumb Code     0  startup_stm32f030.o(.text)
    __user_initial_stackheap                 0x080001ad   Thumb Code     0  startup_stm32f030.o(.text)
    __2sprintf                               0x080001ed   Thumb Code    36  noretval__2sprintf.o(.text)
    _printf_pre_padding                      0x08000215   Thumb Code    44  _printf_pad.o(.text)
    _printf_post_padding                     0x08000241   Thumb Code    34  _printf_pad.o(.text)
    __printf                                 0x08000263   Thumb Code   270  __printf_wp.o(.text)
    __aeabi_memset                           0x08000371   Thumb Code    18  aeabi_memset.o(.text)
    __aeabi_uidiv                            0x08000383   Thumb Code     0  aeabi_sdiv.o(.text)
    __aeabi_uidivmod                         0x08000383   Thumb Code    20  aeabi_sdiv.o(.text)
    __aeabi_idiv                             0x08000397   Thumb Code     0  aeabi_sdiv.o(.text)
    __aeabi_idivmod                          0x08000397   Thumb Code   326  aeabi_sdiv.o(.text)
    __use_two_region_memory                  0x080004dd   Thumb Code     2  heapauxi.o(.text)
    __rt_heap_escrow$2region                 0x080004df   Thumb Code     2  heapauxi.o(.text)
    __rt_heap_expand$2region                 0x080004e1   Thumb Code     2  heapauxi.o(.text)
    __aeabi_d2f                              0x080004e5   Thumb Code     0  d2f.o(.text)
    _d2f                                     0x080004e5   Thumb Code   120  d2f.o(.text)
    __aeabi_ddiv                             0x08000561   Thumb Code     0  ddiv.o(.text)
    _ddiv                                    0x08000561   Thumb Code  1072  ddiv.o(.text)
    _drdiv                                   0x08000991   Thumb Code    20  ddiv.o(.text)
    __aeabi_i2d_normalise                    0x080009a9   Thumb Code    66  dflti.o(.text)
    __aeabi_i2d                              0x080009eb   Thumb Code    16  dflti.o(.text)
    _dflt                                    0x080009eb   Thumb Code     0  dflti.o(.text)
    __aeabi_ui2d                             0x080009fb   Thumb Code     6  dflti.o(.text)
    _dfltu                                   0x080009fb   Thumb Code     0  dflti.o(.text)
    __aeabi_dmul                             0x08000a01   Thumb Code     0  dmul.o(.text)
    _dmul                                    0x08000a01   Thumb Code   558  dmul.o(.text)
    __aeabi_f2d                              0x08000c49   Thumb Code     0  f2d.o(.text)
    _f2d                                     0x08000c49   Thumb Code    80  f2d.o(.text)
    __aeabi_fdiv                             0x08000c9d   Thumb Code     0  fdiv.o(.text)
    _fdiv                                    0x08000c9d   Thumb Code   334  fdiv.o(.text)
    _frdiv                                   0x08000deb   Thumb Code     8  fdiv.o(.text)
    __aeabi_i2f_normalise                    0x08000dfd   Thumb Code    72  fflti.o(.text)
    __aeabi_i2f                              0x08000e45   Thumb Code    16  fflti.o(.text)
    _fflt                                    0x08000e45   Thumb Code     0  fflti.o(.text)
    __aeabi_ui2f                             0x08000e55   Thumb Code     6  fflti.o(.text)
    _ffltu                                   0x08000e55   Thumb Code     0  fflti.o(.text)
    __lib_sel_fp_printf                      0x08000e5d   Thumb Code     2  _printf_fp_dec.o(.text)
    _printf_fp_dec_real                      0x08000ff7   Thumb Code   620  _printf_fp_dec.o(.text)
    _printf_char_common                      0x0800127b   Thumb Code    32  _printf_char_common.o(.text)
    _sputc                                   0x080012a1   Thumb Code    10  _sputc.o(.text)
    _memset_w                                0x080012ab   Thumb Code    26  rt_memclr.o(.text)
    _memset                                  0x080012c5   Thumb Code    30  rt_memclr.o(.text)
    __aeabi_memclr                           0x080012e3   Thumb Code     4  rt_memclr.o(.text)
    __rt_memclr                              0x080012e3   Thumb Code     0  rt_memclr.o(.text)
    __aeabi_memclr4                          0x080012e7   Thumb Code     0  rt_memclr.o(.text)
    __aeabi_memclr8                          0x080012e7   Thumb Code     0  rt_memclr.o(.text)
    __rt_memclr_w                            0x080012e7   Thumb Code     4  rt_memclr.o(.text)
    __fpl_fcmp_InfNaN                        0x080012ed   Thumb Code    96  fcmpin.o(.text)
    __rt_locale                              0x08001351   Thumb Code     8  rt_locale_intlibspace.o(.text)
    _ll_udiv10                               0x08001359   Thumb Code   122  lludiv10.o(.text)
    _printf_fp_infnan                        0x080013d5   Thumb Code   120  _printf_fp_infnan.o(.text)
    _btod_etento                             0x0800145d   Thumb Code   196  bigflt0.o(.text)
    _btod_d2e                                0x08001525   Thumb Code    64  btod.o(.text)
    _btod_emul                               0x0800191b   Thumb Code    24  btod.o(.text)
    _btod_emuld                              0x08001933   Thumb Code    60  btod.o(.text)
    _btod_ediv                               0x0800196f   Thumb Code    22  btod.o(.text)
    _btod_edivd                              0x08001985   Thumb Code    60  btod.o(.text)
    __rt_udiv10                              0x080019cd   Thumb Code    40  rtudiv10.o(.text)
    __fpl_cmpreturn                          0x080019f5   Thumb Code    46  cmpret.o(.text)
    __fpl_fcheck_NaN2                        0x08001a25   Thumb Code    10  fnan2.o(.text)
    __user_libspace                          0x08001a35   Thumb Code     8  libspace.o(.text)
    __user_perproc_libspace                  0x08001a35   Thumb Code     0  libspace.o(.text)
    __user_perthread_libspace                0x08001a35   Thumb Code     0  libspace.o(.text)
    __user_setup_stackheap                   0x08001a3d   Thumb Code    62  sys_stackheap_outer.o(.text)
    exit                                     0x08001a7b   Thumb Code    16  exit.o(.text)
    strcmp                                   0x08001a8d   Thumb Code   132  strcmp.o(.text)
    __fpl_return_NaN                         0x08001b15   Thumb Code    94  retnan.o(.text)
    _sys_exit                                0x08001b75   Thumb Code     8  sys_exit.o(.text)
    __I$use$semihosting                      0x08001b81   Thumb Code     0  use_no_semi.o(.text)
    __use_no_semihosting_swi                 0x08001b81   Thumb Code     2  use_no_semi.o(.text)
    __semihosting_library_function           0x08001b83   Thumb Code     0  indicate_semi.o(.text)
    ADC_init                                 0x08001b85   Thumb Code    80  main.o(i.ADC_init)
    DMA1_Channel1_IRQHandler                 0x08001bdd   Thumb Code    52  main.o(i.DMA1_Channel1_IRQHandler)
    DMA_ini_ADC1                             0x08001c1d   Thumb Code    58  main.o(i.DMA_ini_ADC1)
    FLASH_PrefetchBufferCmd                  0x08001c75   Thumb Code    20  stm32f0xx_flash.o(i.FLASH_PrefetchBufferCmd)
    GPIO_PinAFConfig                         0x08001c8d   Thumb Code    32  stm32f0xx_gpio.o(i.GPIO_PinAFConfig)
    Init_I2C                                 0x08001cad   Thumb Code    94  init_i2c.o(i.Init_I2C)
    Init_Port                                0x08001d19   Thumb Code    44  main.o(i.Init_Port)
    Init_SSD1306                             0x08001d49   Thumb Code   246  ssd1306_i2c.o(i.Init_SSD1306)
    RCC_DeInit                               0x08001e45   Thumb Code    76  stm32f0xx_rcc.o(i.RCC_DeInit)
    RCC_PLLConfig                            0x08001ea1   Thumb Code    24  stm32f0xx_rcc.o(i.RCC_PLLConfig)
    RCC_PREDIV1Config                        0x08001ebd   Thumb Code    14  stm32f0xx_rcc.o(i.RCC_PREDIV1Config)
    SSD1306_DrawPixel                        0x08001ed1   Thumb Code    58  ssd1306_i2c.o(i.SSD1306_DrawPixel)
    SSD1306_Fill                             0x08001f15   Thumb Code    24  ssd1306_i2c.o(i.SSD1306_Fill)
    SSD1306_GotoXY                           0x08001f31   Thumb Code     8  ssd1306_i2c.o(i.SSD1306_GotoXY)
    SSD1306_Putc                             0x08001f3d   Thumb Code   138  ssd1306_i2c.o(i.SSD1306_Putc)
    SSD1306_Puts                             0x08001fcd   Thumb Code    40  ssd1306_i2c.o(i.SSD1306_Puts)
    SSD1306_UpdateScreen_My                  0x08001ff5   Thumb Code    56  ssd1306_i2c.o(i.SSD1306_UpdateScreen_My)
    SetSysClockToHSI48                       0x080020c9   Thumb Code    96  main.o(i.SetSysClockToHSI48)
    SystemInit                               0x0800212d   Thumb Code    84  system_stm32f0xx.o(i.SystemInit)
    __ARM_common_ll_muluu                    0x0800218d   Thumb Code    48  btod.o(i.__ARM_common_ll_muluu)
    __ARM_fpclassify                         0x080021bd   Thumb Code    40  fpclassify.o(i.__ARM_fpclassify)
    _is_digit                                0x080021e9   Thumb Code    14  __printf_wp.o(i._is_digit)
    main                                     0x080021f9   Thumb Code   420  main.o(i.main)
    ssd1306_Multisend                        0x08002411   Thumb Code   168  ssd1306_i2c.o(i.ssd1306_Multisend)
    ssd1306_send                             0x080024c9   Thumb Code    98  ssd1306_i2c.o(i.ssd1306_send)
    _get_lc_numeric                          0x0800253d   Thumb Code    44  lc_numeric_c.o(locale$$code)
    __aeabi_fadd                             0x08002569   Thumb Code     0  faddsub.o(x$fpl$fadd)
    _fadd                                    0x08002569   Thumb Code   134  faddsub.o(x$fpl$fadd)
    __aeabi_cfcmple                          0x080025f5   Thumb Code     0  flef.o(x$fpl$fleqf)
    _fcmple                                  0x080025f5   Thumb Code    78  flef.o(x$fpl$fleqf)
    __aeabi_fmul                             0x08002649   Thumb Code     0  fmul.o(x$fpl$fmul)
    _fmul                                    0x08002649   Thumb Code   172  fmul.o(x$fpl$fmul)
    __aeabi_fsub                             0x080026f9   Thumb Code     0  faddsub.o(x$fpl$fsub)
    _fsub                                    0x080026f9   Thumb Code   204  faddsub.o(x$fpl$fsub)
    _printf_fp_dec                           0x080027c9   Thumb Code    16  printf1.o(x$fpl$printf1)
    Font7x10                                 0x080027d8   Data        1900  fonts.o(.constdata)
    __I$use$fp                               0x080027d8   Number         0  usenofp.o(x$fpl$usenofp)
    Font11x18                                0x08002f44   Data        3420  fonts.o(.constdata)
    Region$$Table$$Base                      0x08003df4   Number         0  anon$$obj.o(Region$$Table)
    Region$$Table$$Limit                     0x08003e14   Number         0  anon$$obj.o(Region$$Table)
    i_temp1                                  0x20000000   Data           1  main.o(.data)
    i                                        0x20000002   Data           2  main.o(.data)
    mV1                                      0x20000004   Data           4  main.o(.data)
    mV2                                      0x20000008   Data           4  main.o(.data)
    Temp1                                    0x2000000c   Data           4  main.o(.data)
    Temp2                                    0x20000010   Data           4  main.o(.data)
    max                                      0x20000014   Data           4  main.o(.data)
    mV1_sr                                   0x20000018   Data           4  main.o(.data)
    mV2_sr                                   0x2000001c   Data           4  main.o(.data)
    ACP                                      0x20000020   Data           4  main.o(.data)
    Font_7x10                                0x20000024   Data           8  fonts.o(.data)
    Font_11x18                               0x2000002c   Data           8  fonts.o(.data)
    Timeout                                  0x20000034   Data           1  ssd1306_i2c.o(.data)
    I2C_Timout                               0x20000036   Data           2  ssd1306_i2c.o(.data)
    mV1_mas                                  0x20000040   Data         120  main.o(.bss)
    mV2_mas                                  0x200000b8   Data         120  main.o(.bss)
    str                                      0x20000130   Data          15  main.o(.bss)
    str2                                     0x2000013f   Data          15  main.o(.bss)
    str3                                     0x2000014e   Data          15  main.o(.bss)
    str4                                     0x2000015d   Data          15  main.o(.bss)
    __libspace_start                         0x2000056c   Data          96  libspace.o(.bss)
    __temporary_stack_top$libspace           0x200005cc   Data           0  libspace.o(.bss)



==============================================================================

Memory Map of the image

  Image Entry point : 0x080000b5

  Load Region LR_IROM1 (Base: 0x08000000, Size: 0x00003e70, Max: 0x00004000, ABSOLUTE)

    Execution Region ER_IROM1 (Base: 0x08000000, Size: 0x00003e30, Max: 0x00004000, ABSOLUTE)

    Base Addr    Size         Type   Attr      Idx    E Section Name        Object

    0x08000000   0x000000b4   Data   RO            3    RESET               startup_stm32f030.o
    0x080000b4   0x00000008   Code   RO         3981  * !!!main             c_p.l(__main.o)
    0x080000bc   0x0000003c   Code   RO         4225    !!!scatter          c_p.l(__scatter.o)
    0x080000f8   0x0000001a   Code   RO         4227    !!handler_copy      c_p.l(__scatter_copy.o)
    0x08000112   0x00000002   PAD
    0x08000114   0x0000001c   Code   RO         4229    !!handler_zi        c_p.l(__scatter_zi.o)
    0x08000130   0x00000002   Code   RO         3968    .ARM.Collect$$_printf_percent$$00000000  c_p.l(_printf_percent.o)
    0x08000132   0x0000000a   Code   RO         3967    .ARM.Collect$$_printf_percent$$00000003  c_p.l(_printf_f.o)
    0x0800013c   0x00000004   Code   RO         4022    .ARM.Collect$$_printf_percent$$00000017  c_p.l(_printf_percent_end.o)
    0x08000140   0x00000002   Code   RO         4095    .ARM.Collect$$libinit$$00000000  c_p.l(libinit.o)
    0x08000142   0x00000000   Code   RO         4097    .ARM.Collect$$libinit$$00000002  c_p.l(libinit2.o)
    0x08000142   0x00000000   Code   RO         4099    .ARM.Collect$$libinit$$00000004  c_p.l(libinit2.o)
    0x08000142   0x00000000   Code   RO         4102    .ARM.Collect$$libinit$$0000000A  c_p.l(libinit2.o)
    0x08000142   0x00000000   Code   RO         4104    .ARM.Collect$$libinit$$0000000C  c_p.l(libinit2.o)
    0x08000142   0x00000000   Code   RO         4106    .ARM.Collect$$libinit$$0000000E  c_p.l(libinit2.o)
    0x08000142   0x00000006   Code   RO         4107    .ARM.Collect$$libinit$$0000000F  c_p.l(libinit2.o)
    0x08000148   0x00000000   Code   RO         4109    .ARM.Collect$$libinit$$00000011  c_p.l(libinit2.o)
    0x08000148   0x00000000   Code   RO         4111    .ARM.Collect$$libinit$$00000013  c_p.l(libinit2.o)
    0x08000148   0x00000000   Code   RO         4113    .ARM.Collect$$libinit$$00000015  c_p.l(libinit2.o)
    0x08000148   0x0000000a   Code   RO         4114    .ARM.Collect$$libinit$$00000016  c_p.l(libinit2.o)
    0x08000152   0x00000000   Code   RO         4115    .ARM.Collect$$libinit$$00000017  c_p.l(libinit2.o)
    0x08000152   0x00000000   Code   RO         4117    .ARM.Collect$$libinit$$00000019  c_p.l(libinit2.o)
    0x08000152   0x00000000   Code   RO         4119    .ARM.Collect$$libinit$$0000001B  c_p.l(libinit2.o)
    0x08000152   0x00000000   Code   RO         4121    .ARM.Collect$$libinit$$0000001D  c_p.l(libinit2.o)
    0x08000152   0x00000000   Code   RO         4123    .ARM.Collect$$libinit$$0000001F  c_p.l(libinit2.o)
    0x08000152   0x00000000   Code   RO         4125    .ARM.Collect$$libinit$$00000021  c_p.l(libinit2.o)
    0x08000152   0x00000000   Code   RO         4127    .ARM.Collect$$libinit$$00000023  c_p.l(libinit2.o)
    0x08000152   0x00000000   Code   RO         4129    .ARM.Collect$$libinit$$00000025  c_p.l(libinit2.o)
    0x08000152   0x00000000   Code   RO         4133    .ARM.Collect$$libinit$$0000002C  c_p.l(libinit2.o)
    0x08000152   0x00000000   Code   RO         4135    .ARM.Collect$$libinit$$0000002E  c_p.l(libinit2.o)
    0x08000152   0x00000000   Code   RO         4137    .ARM.Collect$$libinit$$00000030  c_p.l(libinit2.o)
    0x08000152   0x00000000   Code   RO         4139    .ARM.Collect$$libinit$$00000032  c_p.l(libinit2.o)
    0x08000152   0x00000002   Code   RO         4140    .ARM.Collect$$libinit$$00000033  c_p.l(libinit2.o)
    0x08000154   0x00000002   Code   RO         4190    .ARM.Collect$$libshutdown$$00000000  c_p.l(libshutdown.o)
    0x08000156   0x00000000   Code   RO         4208    .ARM.Collect$$libshutdown$$00000002  c_p.l(libshutdown2.o)
    0x08000156   0x00000000   Code   RO         4210    .ARM.Collect$$libshutdown$$00000004  c_p.l(libshutdown2.o)
    0x08000156   0x00000000   Code   RO         4213    .ARM.Collect$$libshutdown$$00000007  c_p.l(libshutdown2.o)
    0x08000156   0x00000000   Code   RO         4216    .ARM.Collect$$libshutdown$$0000000A  c_p.l(libshutdown2.o)
    0x08000156   0x00000000   Code   RO         4218    .ARM.Collect$$libshutdown$$0000000C  c_p.l(libshutdown2.o)
    0x08000156   0x00000000   Code   RO         4221    .ARM.Collect$$libshutdown$$0000000F  c_p.l(libshutdown2.o)
    0x08000156   0x00000002   Code   RO         4222    .ARM.Collect$$libshutdown$$00000010  c_p.l(libshutdown2.o)
    0x08000158   0x00000000   Code   RO         4011    .ARM.Collect$$rtentry$$00000000  c_p.l(__rtentry.o)
    0x08000158   0x00000000   Code   RO         4029    .ARM.Collect$$rtentry$$00000002  c_p.l(__rtentry2.o)
    0x08000158   0x00000006   Code   RO         4041    .ARM.Collect$$rtentry$$00000004  c_p.l(__rtentry4.o)
    0x0800015e   0x00000000   Code   RO         4031    .ARM.Collect$$rtentry$$00000009  c_p.l(__rtentry2.o)
    0x0800015e   0x00000004   Code   RO         4032    .ARM.Collect$$rtentry$$0000000A  c_p.l(__rtentry2.o)
    0x08000162   0x00000000   Code   RO         4034    .ARM.Collect$$rtentry$$0000000C  c_p.l(__rtentry2.o)
    0x08000162   0x00000008   Code   RO         4035    .ARM.Collect$$rtentry$$0000000D  c_p.l(__rtentry2.o)
    0x0800016a   0x00000002   Code   RO         4144    .ARM.Collect$$rtexit$$00000000  c_p.l(rtexit.o)
    0x0800016c   0x00000000   Code   RO         4159    .ARM.Collect$$rtexit$$00000002  c_p.l(rtexit2.o)
    0x0800016c   0x00000004   Code   RO         4160    .ARM.Collect$$rtexit$$00000003  c_p.l(rtexit2.o)
    0x08000170   0x00000006   Code   RO         4161    .ARM.Collect$$rtexit$$00000004  c_p.l(rtexit2.o)
    0x08000176   0x00000002   PAD
    0x08000178   0x00000074   Code   RO            4    .text               startup_stm32f030.o
    0x080001ec   0x00000028   Code   RO         3941    .text               c_p.l(noretval__2sprintf.o)
    0x08000214   0x0000004e   Code   RO         3945    .text               c_p.l(_printf_pad.o)
    0x08000262   0x0000010e   Code   RO         3955    .text               c_p.l(__printf_wp.o)
    0x08000370   0x00000012   Code   RO         3971    .text               c_p.l(aeabi_memset.o)
    0x08000382   0x0000015a   Code   RO         3975    .text               c_p.l(aeabi_sdiv.o)
    0x080004dc   0x00000006   Code   RO         3979    .text               c_p.l(heapauxi.o)
    0x080004e2   0x00000002   PAD
    0x080004e4   0x0000007c   Code   RO         3983    .text               fz_ps.l(d2f.o)
    0x08000560   0x00000448   Code   RO         3985    .text               fz_ps.l(ddiv.o)
    0x080009a8   0x00000058   Code   RO         3988    .text               fz_ps.l(dflti.o)
    0x08000a00   0x00000248   Code   RO         3990    .text               fz_ps.l(dmul.o)
    0x08000c48   0x00000054   Code   RO         3992    .text               fz_ps.l(f2d.o)
    0x08000c9c   0x00000160   Code   RO         4000    .text               fz_ps.l(fdiv.o)
    0x08000dfc   0x0000005e   Code   RO         4003    .text               fz_ps.l(fflti.o)
    0x08000e5a   0x00000002   PAD
    0x08000e5c   0x00000414   Code   RO         4016    .text               c_p.l(_printf_fp_dec.o)
    0x08001270   0x00000030   Code   RO         4018    .text               c_p.l(_printf_char_common.o)
    0x080012a0   0x0000000a   Code   RO         4020    .text               c_p.l(_sputc.o)
    0x080012aa   0x00000040   Code   RO         4023    .text               c_p.l(rt_memclr.o)
    0x080012ea   0x00000002   PAD
    0x080012ec   0x00000064   Code   RO         4025    .text               fz_ps.l(fcmpin.o)
    0x08001350   0x00000008   Code   RO         4048    .text               c_p.l(rt_locale_intlibspace.o)
    0x08001358   0x0000007a   Code   RO         4050    .text               c_p.l(lludiv10.o)
    0x080013d2   0x00000002   PAD
    0x080013d4   0x00000088   Code   RO         4052    .text               c_p.l(_printf_fp_infnan.o)
    0x0800145c   0x000000c8   Code   RO         4056    .text               c_p.l(bigflt0.o)
    0x08001524   0x000004a8   Code   RO         4059    .text               c_p.l(btod.o)
    0x080019cc   0x00000028   Code   RO         4066    .text               c_p.l(rtudiv10.o)
    0x080019f4   0x0000002e   Code   RO         4068    .text               fz_ps.l(cmpret.o)
    0x08001a22   0x00000002   PAD
    0x08001a24   0x00000010   Code   RO         4070    .text               fz_ps.l(fnan2.o)
    0x08001a34   0x00000008   Code   RO         4076    .text               c_p.l(libspace.o)
    0x08001a3c   0x0000003e   Code   RO         4079    .text               c_p.l(sys_stackheap_outer.o)
    0x08001a7a   0x00000010   Code   RO         4082    .text               c_p.l(exit.o)
    0x08001a8a   0x00000002   PAD
    0x08001a8c   0x00000088   Code   RO         4088    .text               c_p.l(strcmp.o)
    0x08001b14   0x0000005e   Code   RO         4141    .text               fz_ps.l(retnan.o)
    0x08001b72   0x00000002   PAD
    0x08001b74   0x0000000c   Code   RO         4156    .text               c_p.l(sys_exit.o)
    0x08001b80   0x00000002   Code   RO         4177    .text               c_p.l(use_no_semi.o)
    0x08001b82   0x00000000   Code   RO         4179    .text               c_p.l(indicate_semi.o)
    0x08001b82   0x00000002   PAD
    0x08001b84   0x00000058   Code   RO         3730    i.ADC_init          main.o
    0x08001bdc   0x00000040   Code   RO         3731    i.DMA1_Channel1_IRQHandler  main.o
    0x08001c1c   0x00000058   Code   RO         3732    i.DMA_ini_ADC1      main.o
    0x08001c74   0x00000018   Code   RO         1247    i.FLASH_PrefetchBufferCmd  stm32f0xx_flash.o
    0x08001c8c   0x00000020   Code   RO         1423    i.GPIO_PinAFConfig  stm32f0xx_gpio.o
    0x08001cac   0x0000006c   Code   RO         3840    i.Init_I2C          init_i2c.o
    0x08001d18   0x00000030   Code   RO         3733    i.Init_Port         main.o
    0x08001d48   0x000000fc   Code   RO         3860    i.Init_SSD1306      ssd1306_i2c.o
    0x08001e44   0x0000005c   Code   RO         1955    i.RCC_DeInit        stm32f0xx_rcc.o
    0x08001ea0   0x0000001c   Code   RO         1974    i.RCC_PLLConfig     stm32f0xx_rcc.o
    0x08001ebc   0x00000014   Code   RO         1975    i.RCC_PREDIV1Config  stm32f0xx_rcc.o
    0x08001ed0   0x00000044   Code   RO         3861    i.SSD1306_DrawPixel  ssd1306_i2c.o
    0x08001f14   0x0000001c   Code   RO         3862    i.SSD1306_Fill      ssd1306_i2c.o
    0x08001f30   0x0000000c   Code   RO         3863    i.SSD1306_GotoXY    ssd1306_i2c.o
    0x08001f3c   0x00000090   Code   RO         3864    i.SSD1306_Putc      ssd1306_i2c.o
    0x08001fcc   0x00000028   Code   RO         3865    i.SSD1306_Puts      ssd1306_i2c.o
    0x08001ff4   0x0000003c   Code   RO         3866    i.SSD1306_UpdateScreen_My  ssd1306_i2c.o
    0x08002030   0x00000098   Code   RO           12    i.SetSysClock       system_stm32f0xx.o
    0x080020c8   0x00000064   Code   RO         3734    i.SetSysClockToHSI48  main.o
    0x0800212c   0x00000060   Code   RO           14    i.SystemInit        system_stm32f0xx.o
    0x0800218c   0x00000030   Code   RO         4061    i.__ARM_common_ll_muluu  c_p.l(btod.o)
    0x080021bc   0x0000002c   Code   RO         4074    i.__ARM_fpclassify  m_ps.l(fpclassify.o)
    0x080021e8   0x0000000e   Code   RO         3957    i._is_digit         c_p.l(__printf_wp.o)
    0x080021f6   0x00000002   PAD
    0x080021f8   0x00000218   Code   RO         3735    i.main              main.o
    0x08002410   0x000000b8   Code   RO         3868    i.ssd1306_Multisend  ssd1306_i2c.o
    0x080024c8   0x00000074   Code   RO         3869    i.ssd1306_send      ssd1306_i2c.o
    0x0800253c   0x0000002c   Code   RO         4064    locale$$code        c_p.l(lc_numeric_c.o)
    0x08002568   0x0000008c   Code   RO         3994    x$fpl$fadd          fz_ps.l(faddsub.o)
    0x080025f4   0x00000054   Code   RO         4005    x$fpl$fleqf         fz_ps.l(flef.o)
    0x08002648   0x000000b0   Code   RO         4007    x$fpl$fmul          fz_ps.l(fmul.o)
    0x080026f8   0x000000d0   Code   RO         3996    x$fpl$fsub          fz_ps.l(faddsub.o)
    0x080027c8   0x00000010   Code   RO         4009    x$fpl$printf1       fz_ps.l(printf1.o)
    0x080027d8   0x00000000   Code   RO         4027    x$fpl$usenofp       fz_ps.l(usenofp.o)
    0x080027d8   0x0000076c   Data   RO         3811    .constdata          fonts.o
    0x08002f44   0x00000d5c   Data   RO         3812    .constdata          fonts.o
    0x08003ca0   0x00000080   Data   RO         3986    .constdata          fz_ps.l(ddiv.o)
    0x08003d20   0x00000040   Data   RO         4001    .constdata          fz_ps.l(fdiv.o)
    0x08003d60   0x00000094   Data   RO         4057    .constdata          c_p.l(bigflt0.o)
    0x08003df4   0x00000020   Data   RO         4223    Region$$Table       anon$$obj.o
    0x08003e14   0x0000001c   Data   RO         4063    locale$$data        c_p.l(lc_numeric_c.o)


    Execution Region RW_IRAM1 (Base: 0x20000000, Size: 0x00000bd0, Max: 0x00001000, ABSOLUTE)

    Base Addr    Size         Type   Attr      Idx    E Section Name        Object

    0x20000000   0x00000024   Data   RW         3741    .data               main.o
    0x20000024   0x00000008   Data   RW         3813    .data               fonts.o
    0x2000002c   0x00000008   Data   RW         3814    .data               fonts.o
    0x20000034   0x0000000a   Data   RW         3871    .data               ssd1306_i2c.o
    0x2000003e   0x00000002   PAD
    0x20000040   0x0000012c   Zero   RW         3736    .bss                main.o
    0x2000016c   0x00000400   Zero   RW         3870    .bss                ssd1306_i2c.o
    0x2000056c   0x00000060   Zero   RW         4077    .bss                c_p.l(libspace.o)
    0x200005cc   0x00000004   PAD
    0x200005d0   0x00000200   Zero   RW            2    HEAP                startup_stm32f030.o
    0x200007d0   0x00000400   Zero   RW            1    STACK               startup_stm32f030.o


==============================================================================

Image component sizes


      Code (inc. data)   RO Data    RW Data    ZI Data      Debug   Object Name

         0          0       5320         16          0       1132   fonts.o
       108         14          0          0          0        435   init_i2c.o
       924        174          0         36        300      10572   main.o
       904         68          0         10       1024       6807   ssd1306_i2c.o
       116         56        180          0       1536        648   startup_stm32f030.o
         0          0          0          0          0     157656   stm32f0xx_adc.o
        24          4          0          0          0        490   stm32f0xx_flash.o
        32          0          0          0          0        911   stm32f0xx_gpio.o
       140         26          0          0          0       1409   stm32f0xx_rcc.o
       248         22          0          0          0      23081   system_stm32f0xx.o

    ----------------------------------------------------------------------
      2496        364       5532         64       2860     203141   Object Totals
         0          0         32          0          0          0   (incl. Generated)
         0          0          0          2          0          0   (incl. Padding)

    ----------------------------------------------------------------------

      Code (inc. data)   RO Data    RW Data    ZI Data      Debug   Library Member Name

         8          0          0          0          0         68   __main.o
       284          0          0          0          0        136   __printf_wp.o
         0          0          0          0          0          0   __rtentry.o
        12          0          0          0          0          0   __rtentry2.o
         6          0          0          0          0          0   __rtentry4.o
        60          8          0          0          0          0   __scatter.o
        26          0          0          0          0          0   __scatter_copy.o
        28          0          0          0          0          0   __scatter_zi.o
        48          6          0          0          0         88   _printf_char_common.o
        10          0          0          0          0          0   _printf_f.o
      1044         14          0          0          0        176   _printf_fp_dec.o
       136         16          0          0          0         76   _printf_fp_infnan.o
        78          0          0          0          0        100   _printf_pad.o
         2          0          0          0          0          0   _printf_percent.o
         4          0          0          0          0          0   _printf_percent_end.o
        10          0          0          0          0         60   _sputc.o
        18          0          0          0          0         68   aeabi_memset.o
       346          0          0          0          0         92   aeabi_sdiv.o
       200          4        148          0          0         80   bigflt0.o
      1240         12          0          0          0        316   btod.o
        16          0          0          0          0         68   exit.o
         6          0          0          0          0        136   heapauxi.o
         0          0          0          0          0          0   indicate_semi.o
        44         10         28          0          0         76   lc_numeric_c.o
         2          0          0          0          0          0   libinit.o
        18          0          0          0          0          0   libinit2.o
         2          0          0          0          0          0   libshutdown.o
         2          0          0          0          0          0   libshutdown2.o
         8          4          0          0         96         68   libspace.o
       122          0          0          0          0         72   lludiv10.o
        40          4          0          0          0         84   noretval__2sprintf.o
         8          4          0          0          0         68   rt_locale_intlibspace.o
        64          0          0          0          0        108   rt_memclr.o
         2          0          0          0          0          0   rtexit.o
        10          0          0          0          0          0   rtexit2.o
        40          0          0          0          0         60   rtudiv10.o
       136          4          0          0          0         72   strcmp.o
        12          4          0          0          0         60   sys_exit.o
        62          0          0          0          0         80   sys_stackheap_outer.o
         2          0          0          0          0         68   use_no_semi.o
        46          0          0          0          0         60   cmpret.o
       124          4          0          0          0         72   d2f.o
      1096         26        128          0          0        112   ddiv.o
        88          0          0          0          0         92   dflti.o
       584         26          0          0          0         84   dmul.o
        84          4          0          0          0         60   f2d.o
       348          8          0          0          0        160   faddsub.o
       100          4          0          0          0         68   fcmpin.o
       352         10         64          0          0         92   fdiv.o
        94          0          0          0          0         92   fflti.o
        84          4          0          0          0         76   flef.o
       176          4          0          0          0         80   fmul.o
        16          6          0          0          0         68   fnan2.o
        16          4          0          0          0         76   printf1.o
        94          0          0          0          0         68   retnan.o
         0          0          0          0          0          0   usenofp.o
        44          4          0          0          0         60   fpclassify.o

    ----------------------------------------------------------------------
      7524        194        368          0        100       3600   Library Totals
        22          0          0          0          4          0   (incl. Padding)

    ----------------------------------------------------------------------

      Code (inc. data)   RO Data    RW Data    ZI Data      Debug   Library Name

      4156         90        176          0         96       2280   c_p.l
      3302        100        192          0          0       1260   fz_ps.l
        44          4          0          0          0         60   m_ps.l

    ----------------------------------------------------------------------
      7524        194        368          0        100       3600   Library Totals

    ----------------------------------------------------------------------

==============================================================================


      Code (inc. data)   RO Data    RW Data    ZI Data      Debug   

     10020        558       5900         64       2960     204033   Grand Totals
     10020        558       5900         64       2960     204033   ELF Image Totals
     10020        558       5900         64          0          0   ROM Totals

==============================================================================

    Total RO  Size (Code + RO Data)                15920 (  15.55kB)
    Total RW  Size (RW Data + ZI Data)              3024 (   2.95kB)
    Total ROM Size (Code + RO Data + RW Data)      15984 (  15.61kB)

==============================================================================

